('http://pastebin.com/2k12wZWv', '[ 0.000000] Initializing cgroup subsys cpuset
[ 0.000000] Initializing cgroup subsys cpu
[ 0.000000] Initializing cgroup subsys cpuacct
[ 0.000000] Linux version 3.10.0-2-generic (buildd@akateko) (gcc version 4.8.1 (Ubuntu 4.8.1-5ubuntu1) ) #9-Ubuntu SMP Mon Jul 1 18:36:54 UTC 2013 (Ubuntu 3.10.0-2.9-generic 3.10.0)
[ 0.000000] KERNEL supported cpus:
[ 0.000000] Intel GenuineIntel
[ 0.000000] AMD AuthenticAMD
[ 0.000000] NSC Geode by NSC
[ 0.000000] Cyrix CyrixInstead
[ 0.000000] Centaur CentaurHauls
[ 0.000000] Transmeta GenuineTMx86
[ 0.000000] Transmeta TransmetaCPU
[ 0.000000] UMC UMC UMC UMC
[ 0.000000] e820: BIOS-provided physical RAM map:
[ 0.000000] BIOS-e820: [mem 0x0000000000000000-0x000000000009d7ff] usable
[ 0.000000] BIOS-e820: [mem 0x000000000009d800-0x000000000009ffff] reserved
[ 0.000000] BIOS-e820: [mem 0x00000000000e0000-0x00000000000fffff] reserved
[ 0.000000] BIOS-e820: [mem 0x0000000000100000-0x000000001fffffff] usable
[ 0.000000] BIOS-e820: [mem 0x0000000020000000-0x00000000201fffff] reserved
[ 0.000000] BIOS-e820: [mem 0x0000000020200000-0x000000003fffffff] usable
[ 0.000000] BIOS-e820: [mem 0x0000000040000000-0x00000000401fffff] reserved
[ 0.000000] BIOS-e820: [mem 0x0000000040200000-0x00000000c9fbefff] usable
[ 0.000000] BIOS-e820: [mem 0x00000000c9fbf000-0x00000000ca5ccfff] reserved
[ 0.000000] BIOS-e820: [mem 0x00000000ca5cd000-0x00000000ca84cfff] ACPI NVS
[ 0.000000] BIOS-e820: [mem 0x00000000ca84d000-0x00000000ca851fff] ACPI data
[ 0.000000] BIOS-e820: [mem 0x00000000ca852000-0x00000000ca894fff] ACPI NVS
[ 0.000000] BIOS-e820: [mem 0x00000000ca895000-0x00000000caca4fff] usable
[ 0.000000] BIOS-e820: [mem 0x00000000caca5000-0x00000000caff2fff] reserved
[ 0.000000] BIOS-e820: [mem 0x00000000caff3000-0x00000000caffffff] usable
[ 0.000000] BIOS-e820: [mem 0x00000000cb800000-0x00000000cf9fffff] reserved
[ 0.000000] BIOS-e820: [mem 0x00000000f8000000-0x00000000fbffffff] reserved
[ 0.000000] BIOS-e820: [mem 0x00000000fec00000-0x00000000fec00fff] reserved
[ 0.000000] BIOS-e820: [mem 0x00000000fed00000-0x00000000fed03fff] reserved
[ 0.000000] BIOS-e820: [mem 0x00000000fed1c000-0x00000000fed1ffff] reserved
[ 0.000000] BIOS-e820: [mem 0x00000000fee00000-0x00000000fee00fff] reserved
[ 0.000000] BIOS-e820: [mem 0x00000000ff000000-0x00000000ffffffff] reserved
[ 0.000000] BIOS-e820: [mem 0x0000000100000000-0x000000042f5fffff] usable
[ 0.000000] NX (Execute Disable) protection: active
[ 0.000000] SMBIOS 2.7 present.
[ 0.000000] DMI: FUJITSU LIFEBOOK NH532/FJNBB21, BIOS 1.11 05/19/2012
[ 0.000000] e820: update [mem 0x00000000-0x00000fff] usable ==> reserved
[ 0.000000] e820: remove [mem 0x000a0000-0x000fffff] usable
[ 0.000000] e820: last_pfn = 0x42f600 max_arch_pfn = 0x1000000
[ 0.000000] MTRR default type: uncachable
[ 0.000000] MTRR fixed ranges enabled:
[ 0.000000] 00000-9FFFF write-back
[ 0.000000] A0000-BFFFF uncachable
[ 0.000000] C0000-CFFFF write-protect
[ 0.000000] D0000-E7FFF uncachable
[ 0.000000] E8000-FFFFF write-protect
[ 0.000000] MTRR variable ranges enabled:
[ 0.000000] 0 base 000000000 mask C00000000 write-back
[ 0.000000] 1 base 400000000 mask FE0000000 write-back
[ 0.000000] 2 base 420000000 mask FF0000000 write-back
[ 0.000000] 3 base 0E0000000 mask FE0000000 uncachable
[ 0.000000] 4 base 0D0000000 mask FF0000000 uncachable
[ 0.000000] 5 base 0CC000000 mask FFC000000 uncachable
[ 0.000000] 6 base 0CB800000 mask FFF800000 uncachable
[ 0.000000] 7 base 42F800000 mask FFF800000 uncachable
[ 0.000000] 8 base 42F600000 mask FFFE00000 uncachable
[ 0.000000] 9 disabled
[ 0.000000] x86 PAT enabled: cpu 0, old 0x7040600070406, new 0x7010600070106
[ 0.000000] original variable MTRRs
[ 0.000000] reg 0, base: 0GB, range: 16GB, type WB
[ 0.000000] reg 1, base: 16GB, range: 512MB, type WB
[ 0.000000] reg 2, base: 16896MB, range: 256MB, type WB
[ 0.000000] reg 3, base: 3584MB, range: 512MB, type UC
[ 0.000000] reg 4, base: 3328MB, range: 256MB, type UC
[ 0.000000] reg 5, base: 3264MB, range: 64MB, type UC
[ 0.000000] reg 6, base: 3256MB, range: 8MB, type UC
[ 0.000000] reg 7, base: 17144MB, range: 8MB, type UC
[ 0.000000] reg 8, base: 17142MB, range: 2MB, type UC
[ 0.000000] total RAM covered: 16302M
[ 0.000000] gran_size: 64K chunk_size: 64K num_reg: 10 lose cover RAM: 118M
[ 0.000000] gran_size: 64K chunk_size: 128K num_reg: 10 lose cover RAM: 118M
[ 0.000000] gran_size: 64K chunk_size: 256K num_reg: 10 lose cover RAM: 118M
[ 0.000000] gran_size: 64K chunk_size: 512K num_reg: 10 lose cover RAM: 118M
[ 0.000000] gran_size: 64K chunk_size: 1M num_reg: 10 lose cover RAM: 118M
[ 0.000000] gran_size: 64K chunk_size: 2M num_reg: 10 lose cover RAM: 118M
[ 0.000000] gran_size: 64K chunk_size: 4M num_reg: 10 lose cover RAM: 118M
[ 0.000000] gran_size: 64K chunk_size: 8M num_reg: 10 lose cover RAM: 118M
[ 0.000000] *BAD*gran_size: 64K chunk_size: 16M num_reg: 10 lose cover RAM: -8M
[ 0.000000] *BAD*gran_size: 64K chunk_size: 32M num_reg: 10 lose cover RAM: -8M
[ 0.000000] *BAD*gran_size: 64K chunk_size: 64M num_reg: 10 lose cover RAM: -8M
[ 0.000000] *BAD*gran_size: 64K chunk_size: 128M num_reg: 10 lose cover RAM: -8M
[ 0.000000] *BAD*gran_size: 64K chunk_size: 256M num_reg: 10 lose cover RAM: -8M
[ 0.000000] *BAD*gran_size: 64K chunk_size: 512M num_reg: 10 lose cover RAM: -264M
[ 0.000000] *BAD*gran_size: 64K chunk_size: 1G num_reg: 10 lose cover RAM: -256M
[ 0.000000] *BAD*gran_size: 64K chunk_size: 2G num_reg: 10 lose cover RAM: -1280M
[ 0.000000] gran_size: 128K chunk_size: 128K num_reg: 10 lose cover RAM: 118M
[ 0.000000] gran_size: 128K chunk_size: 256K num_reg: 10 lose cover RAM: 118M
[ 0.000000] gran_size: 128K chunk_size: 512K num_reg: 10 lose cover RAM: 118M
[ 0.000000] gran_size: 128K chunk_size: 1M num_reg: 10 lose cover RAM: 118M
[ 0.000000] gran_size: 128K chunk_size: 2M num_reg: 10 lose cover RAM: 118M
[ 0.000000] gran_size: 128K chunk_size: 4M num_reg: 10 lose cover RAM: 118M
[ 0.000000] gran_size: 128K chunk_size: 8M num_reg: 10 lose cover RAM: 118M
[ 0.000000] *BAD*gran_size: 128K chunk_size: 16M num_reg: 10 lose cover RAM: -8M
[ 0.000000] *BAD*gran_size: 128K chunk_size: 32M num_reg: 10 lose cover RAM: -8M
[ 0.000000] *BAD*gran_size: 128K chunk_size: 64M num_reg: 10 lose cover RAM: -8M
[ 0.000000] *BAD*gran_size: 128K chunk_size: 128M num_reg: 10 lose cover RAM: -8M
[ 0.000000] *BAD*gran_size: 128K chunk_size: 256M num_reg: 10 lose cover RAM: -8M
[ 0.000000] *BAD*gran_size: 128K chunk_size: 512M num_reg: 10 lose cover RAM: -264M
[ 0.000000] *BAD*gran_size: 128K chunk_size: 1G num_reg: 10 lose cover RAM: -256M
[ 0.000000] *BAD*gran_size: 128K chunk_size: 2G num_reg: 10 lose cover RAM: -1280M
[ 0.000000] gran_size: 256K chunk_size: 256K num_reg: 10 lose cover RAM: 118M
[ 0.000000] gran_size: 256K chunk_size: 512K num_reg: 10 lose cover RAM: 118M
[ 0.000000] gran_size: 256K chunk_size: 1M num_reg: 10 lose cover RAM: 118M
[ 0.000000] gran_size: 256K chunk_size: 2M num_reg: 10 lose cover RAM: 118M
[ 0.000000] gran_size: 256K chunk_size: 4M num_reg: 10 lose cover RAM: 118M
[ 0.000000] gran_size: 256K chunk_size: 8M num_reg: 10 lose cover RAM: 118M
[ 0.000000] *BAD*gran_size: 256K chunk_size: 16M num_reg: 10 lose cover RAM: -8M
[ 0.000000] *BAD*gran_size: 256K chunk_size: 32M num_reg: 10 lose cover RAM: -8M
[ 0.000000] *BAD*gran_size: 256K chunk_size: 64M num_reg: 10 lose cover RAM: -8M
[ 0.000000] *BAD*gran_size: 256K chunk_size: 128M num_reg: 10 lose cover RAM: -8M
[ 0.000000] *BAD*gran_size: 256K chunk_size: 256M num_reg: 10 lose cover RAM: -8M
[ 0.000000] *BAD*gran_size: 256K chunk_size: 512M num_reg: 10 lose cover RAM: -264M
[ 0.000000] *BAD*gran_size: 256K chunk_size: 1G num_reg: 10 lose cover RAM: -256M
[ 0.000000] *BAD*gran_size: 256K chunk_size: 2G num_reg: 10 lose cover RAM: -1280M
[ 0.000000] gran_size: 512K chunk_size: 512K num_reg: 10 lose cover RAM: 118M
[ 0.000000] gran_size: 512K chunk_size: 1M num_reg: 10 lose cover RAM: 118M
[ 0.000000] gran_size: 512K chunk_size: 2M num_reg: 10 lose cover RAM: 118M
[ 0.000000] gran_size: 512K chunk_size: 4M num_reg: 10 lose cover RAM: 118M
[ 0.000000] gran_size: 512K chunk_size: 8M num_reg: 10 lose cover RAM: 118M
[ 0.000000] *BAD*gran_size: 512K chunk_size: 16M num_reg: 10 lose cover RAM: -8M
[ 0.000000] *BAD*gran_size: 512K chunk_size: 32M num_reg: 10 lose cover RAM: -8M
[ 0.000000] *BAD*gran_size: 512K chunk_size: 64M num_reg: 10 lose cover RAM: -8M
[ 0.000000] *BAD*gran_size: 512K chunk_size: 128M num_reg: 10 lose cover RAM: -8M
[ 0.000000] *BAD*gran_size: 512K chunk_size: 256M num_reg: 10 lose cover RAM: -8M
[ 0.000000] *BAD*gran_size: 512K chunk_size: 512M num_reg: 10 lose cover RAM: -264M
[ 0.000000] *BAD*gran_size: 512K chunk_size: 1G num_reg: 10 lose cover RAM: -256M
[ 0.000000] *BAD*gran_size: 512K chunk_size: 2G num_reg: 10 lose cover RAM: -1280M
[ 0.000000] gran_size: 1M chunk_size: 1M num_reg: 10 lose cover RAM: 118M
[ 0.000000] gran_size: 1M chunk_size: 2M num_reg: 10 lose cover RAM: 118M
[ 0.000000] gran_size: 1M chunk_size: 4M num_reg: 10 lose cover RAM: 118M
[ 0.000000] gran_size: 1M chunk_size: 8M num_reg: 10 lose cover RAM: 118M
[ 0.000000] *BAD*gran_size: 1M chunk_size: 16M num_reg: 10 lose cover RAM: -8M
[ 0.000000] *BAD*gran_size: 1M chunk_size: 32M num_reg: 10 lose cover RAM: -8M
[ 0.000000] *BAD*gran_size: 1M chunk_size: 64M num_reg: 10 lose cover RAM: -8M
[ 0.000000] *BAD*gran_size: 1M chunk_size: 128M num_reg: 10 lose cover RAM: -8M
[ 0.000000] *BAD*gran_size: 1M chunk_size: 256M num_reg: 10 lose cover RAM: -8M
[ 0.000000] *BAD*gran_size: 1M chunk_size: 512M num_reg: 10 lose cover RAM: -264M
[ 0.000000] *BAD*gran_size: 1M chunk_size: 1G num_reg: 10 lose cover RAM: -256M
[ 0.000000] *BAD*gran_size: 1M chunk_size: 2G num_reg: 10 lose cover RAM: -1280M
[ 0.000000] gran_size: 2M chunk_size: 2M num_reg: 10 lose cover RAM: 118M
[ 0.000000] gran_size: 2M chunk_size: 4M num_reg: 10 lose cover RAM: 118M
[ 0.000000] gran_size: 2M chunk_size: 8M num_reg: 10 lose cover RAM: 118M
[ 0.000000] *BAD*gran_size: 2M chunk_size: 16M num_reg: 10 lose cover RAM: -8M
[ 0.000000] *BAD*gran_size: 2M chunk_size: 32M num_reg: 10 lose cover RAM: -8M
[ 0.000000] *BAD*gran_size: 2M chunk_size: 64M num_reg: 10 lose cover RAM: -8M
[ 0.000000] *BAD*gran_size: 2M chunk_size: 128M num_reg: 10 lose cover RAM: -8M
[ 0.000000] *BAD*gran_size: 2M chunk_size: 256M num_reg: 10 lose cover RAM: -8M
[ 0.000000] *BAD*gran_size: 2M chunk_size: 512M num_reg: 10 lose cover RAM: -264M
[ 0.000000] *BAD*gran_size: 2M chunk_size: 1G num_reg: 10 lose cover RAM: -256M
[ 0.000000] *BAD*gran_size: 2M chunk_size: 2G num_reg: 10 lose cover RAM: -1280M
[ 0.000000] gran_size: 4M chunk_size: 4M num_reg: 10 lose cover RAM: 118M
[ 0.000000] gran_size: 4M chunk_size: 8M num_reg: 10 lose cover RAM: 118M
[ 0.000000] *BAD*gran_size: 4M chunk_size: 16M num_reg: 10 lose cover RAM: -6M
[ 0.000000] *BAD*gran_size: 4M chunk_size: 32M num_reg: 10 lose cover RAM: -6M
[ 0.000000] *BAD*gran_size: 4M chunk_size: 64M num_reg: 10 lose cover RAM: -6M
[ 0.000000] *BAD*gran_size: 4M chunk_size: 128M num_reg: 10 lose cover RAM: -6M
[ 0.000000] *BAD*gran_size: 4M chunk_size: 256M num_reg: 10 lose cover RAM: -6M
[ 0.000000] *BAD*gran_size: 4M chunk_size: 512M num_reg: 10 lose cover RAM: -262M
[ 0.000000] *BAD*gran_size: 4M chunk_size: 1G num_reg: 10 lose cover RAM: -254M
[ 0.000000] *BAD*gran_size: 4M chunk_size: 2G num_reg: 10 lose cover RAM: -1278M
[ 0.000000] gran_size: 8M chunk_size: 8M num_reg: 10 lose cover RAM: 118M
[ 0.000000] gran_size: 8M chunk_size: 16M num_reg: 10 lose cover RAM: 54M
[ 0.000000] gran_size: 8M chunk_size: 32M num_reg: 10 lose cover RAM: 6M
[ 0.000000] gran_size: 8M chunk_size: 64M num_reg: 10 lose cover RAM: 6M
[ 0.000000] gran_size: 8M chunk_size: 128M num_reg: 10 lose cover RAM: 6M
[ 0.000000] gran_size: 8M chunk_size: 256M num_reg: 10 lose cover RAM: 6M
[ 0.000000] *BAD*gran_size: 8M chunk_size: 512M num_reg: 10 lose cover RAM: -250M
[ 0.000000] gran_size: 8M chunk_size: 1G num_reg: 10 lose cover RAM: 6M
[ 0.000000] *BAD*gran_size: 8M chunk_size: 2G num_reg: 10 lose cover RAM: -1018M
[ 0.000000] gran_size: 16M chunk_size: 16M num_reg: 10 lose cover RAM: 62M
[ 0.000000] gran_size: 16M chunk_size: 32M num_reg: 10 lose cover RAM: 14M
[ 0.000000] gran_size: 16M chunk_size: 64M num_reg: 10 lose cover RAM: 14M
[ 0.000000] gran_size: 16M chunk_size: 128M num_reg: 10 lose cover RAM: 14M
[ 0.000000] gran_size: 16M chunk_size: 256M num_reg: 10 lose cover RAM: 14M
[ 0.000000] *BAD*gran_size: 16M chunk_size: 512M num_reg: 10 lose cover RAM: -242M
[ 0.000000] gran_size: 16M chunk_size: 1G num_reg: 10 lose cover RAM: 14M
[ 0.000000] *BAD*gran_size: 16M chunk_size: 2G num_reg: 10 lose cover RAM: -1010M
[ 0.000000] gran_size: 32M chunk_size: 32M num_reg: 10 lose cover RAM: 46M
[ 0.000000] gran_size: 32M chunk_size: 64M num_reg: 10 lose cover RAM: 46M
[ 0.000000] gran_size: 32M chunk_size: 128M num_reg: 10 lose cover RAM: 46M
[ 0.000000] gran_size: 32M chunk_size: 256M num_reg: 10 lose cover RAM: 46M
[ 0.000000] *BAD*gran_size: 32M chunk_size: 512M num_reg: 10 lose cover RAM: -210M
[ 0.000000] gran_size: 32M chunk_size: 1G num_reg: 10 lose cover RAM: 46M
[ 0.000000] *BAD*gran_size: 32M chunk_size: 2G num_reg: 10 lose cover RAM: -978M
[ 0.000000] gran_size: 64M chunk_size: 64M num_reg: 8 lose cover RAM: 110M
[ 0.000000] gran_size: 64M chunk_size: 128M num_reg: 8 lose cover RAM: 110M
[ 0.000000] gran_size: 64M chunk_size: 256M num_reg: 9 lose cover RAM: 110M
[ 0.000000] gran_size: 64M chunk_size: 512M num_reg: 10 lose cover RAM: 110M
[ 0.000000] gran_size: 64M chunk_size: 1G num_reg: 9 lose cover RAM: 110M
[ 0.000000] gran_size: 64M chunk_size: 2G num_reg: 10 lose cover RAM: 110M
[ 0.000000] gran_size: 128M chunk_size: 128M num_reg: 7 lose cover RAM: 174M
[ 0.000000] gran_size: 128M chunk_size: 256M num_reg: 9 lose cover RAM: 174M
[ 0.000000] gran_size: 128M chunk_size: 512M num_reg: 10 lose cover RAM: 174M
[ 0.000000] gran_size: 128M chunk_size: 1G num_reg: 9 lose cover RAM: 174M
[ 0.000000] gran_size: 128M chunk_size: 2G num_reg: 10 lose cover RAM: 174M
[ 0.000000] gran_size: 256M chunk_size: 256M num_reg: 5 lose cover RAM: 430M
[ 0.000000] gran_size: 256M chunk_size: 512M num_reg: 5 lose cover RAM: 430M
[ 0.000000] gran_size: 256M chunk_size: 1G num_reg: 6 lose cover RAM: 430M
[ 0.000000] gran_size: 256M chunk_size: 2G num_reg: 7 lose cover RAM: 430M
[ 0.000000] gran_size: 512M chunk_size: 512M num_reg: 5 lose cover RAM: 430M
[ 0.000000] gran_size: 512M chunk_size: 1G num_reg: 6 lose cover RAM: 430M
[ 0.000000] gran_size: 512M chunk_size: 2G num_reg: 7 lose cover RAM: 430M
[ 0.000000] gran_size: 1G chunk_size: 1G num_reg: 4 lose cover RAM: 942M
[ 0.000000] gran_size: 1G chunk_size: 2G num_reg: 4 lose cover RAM: 942M
[ 0.000000] gran_size: 2G chunk_size: 2G num_reg: 3 lose cover RAM: 1966M
[ 0.000000] mtrr_cleanup: can not find optimal value
[ 0.000000] please specify mtrr_gran_size/mtrr_chunk_size
[ 0.000000] e820: update [mem 0xcb800000-0xffffffff] usable ==> reserved
[ 0.000000] found SMP MP-table at [mem 0x000fd030-0x000fd03f] mapped at [c00fd030]
[ 0.000000] Scanning 1 areas for low memory corruption
[ 0.000000] initial memory mapped: [mem 0x00000000-0x01ffffff]
[ 0.000000] Base memory trampoline at [c0099000] 99000 size 16384
[ 0.000000] reserving inaccessible SNB gfx pages
[ 0.000000] init_memory_mapping: [mem 0x00000000-0x000fffff]
[ 0.000000] [mem 0x00000000-0x000fffff] page 4k
[ 0.000000] init_memory_mapping: [mem 0x37800000-0x379fffff]
[ 0.000000] [mem 0x37800000-0x379fffff] page 2M
[ 0.000000] init_memory_mapping: [mem 0x34000000-0x377fffff]
[ 0.000000] [mem 0x34000000-0x377fffff] page 2M
[ 0.000000] init_memory_mapping: [mem 0x00100000-0x1fffffff]
[ 0.000000] [mem 0x00100000-0x001fffff] page 4k
[ 0.000000] [mem 0x00200000-0x1fffffff] page 2M
[ 0.000000] init_memory_mapping: [mem 0x20200000-0x33ffffff]
[ 0.000000] [mem 0x20200000-0x33ffffff] page 2M
[ 0.000000] init_memory_mapping: [mem 0x37a00000-0x37bfdfff]
[ 0.000000] [mem 0x37a00000-0x37bfdfff] page 4k
[ 0.000000] BRK [0x01aff000, 0x01afffff] PGTABLE
[ 0.000000] RAMDISK: [mem 0x36084000-0x37039fff]
[ 0.000000] ACPI: RSDP 000f0660 00024 (v02 FUJ )
[ 0.000000] ACPI: XSDT ca7d3080 0007C (v01 FUJ PC 01110000 AMI 00010013)
[ 0.000000] ACPI: FACP ca7e7c20 000F4 (v04 FUJ PC 01110000 FUJ 00010013)
[ 0.000000] ACPI: DSDT ca7d3190 14A8C (v02 FUJ FJNBB21 01110000 INTL 20051117)
[ 0.000000] ACPI: FACS ca841f80 00040
[ 0.000000] ACPI: APIC ca7e7d18 00072 (v03 FUJ PC 01110000 AMI 00010013)
[ 0.000000] ACPI: ECDT ca7e7d90 000C1 (v01 FUJ PC 01110000 AMI. 00000005)
[ 0.000000] ACPI: MCFG ca7e7e58 0003C (v01 FUJ PC 01110000 MSFT 00000097)
[ 0.000000] ACPI: BOOT ca7e7e98 00028 (v01 FUJ PC 01110000 AMI 00010013)
[ 0.000000] ACPI: SLIC ca7e7ec0 00176 (v01 FUJ PC 01110000 FUJ 00010013)
[ 0.000000] ACPI: HPET ca7e8038 00038 (v01 FUJ PC 01110000 AMI. 00000005)
[ 0.000000] ACPI: SSDT ca7e8070 009C7 (v01 FUJ Cpu0Ist 01110000 INTL 20051117)
[ 0.000000] ACPI: SSDT ca7e8a38 00A92 (v01 FUJ CpuPm 01110000 INTL 20051117)
[ 0.000000] ACPI: SSDT ca7e94d0 00401 (v01 FUJ SgTabl 01110000 INTL 20051117)
[ 0.000000] ACPI: SSDT ca7e98d8 012E5 (v01 FUJ OptTabl 01110000 INTL 20051117)
[ 0.000000] ACPI: Local APIC address 0xfee00000
[ 0.000000] 16250MB HIGHMEM available.
[ 0.000000] 891MB LOWMEM available.
[ 0.000000] mapped low ram: 0 - 37bfe000
[ 0.000000] low ram: 0 - 37bfe000
[ 0.000000] BRK [0x01b00000, 0x01b00fff] PGTABLE
[ 0.000000] Zone ranges:
[ 0.000000] DMA [mem 0x00001000-0x00ffffff]
[ 0.000000] Normal [mem 0x01000000-0x37bfdfff]
[ 0.000000] HighMem [mem 0x37bfe000-0x2f5fffff]
[ 0.000000] Movable zone start for each node
[ 0.000000] Early memory node ranges
[ 0.000000] node 0: [mem 0x00001000-0x0009cfff]
[ 0.000000] node 0: [mem 0x00100000-0x1fffffff]
[ 0.000000] node 0: [mem 0x20200000-0x3fffffff]
[ 0.000000] node 0: [mem 0x40200000-0xc9fbefff]
[ 0.000000] node 0: [mem 0xca895000-0xcaca4fff]
[ 0.000000] node 0: [mem 0xcaff3000-0xcaffffff]
[ 0.000000] node 0: [mem 0x00000000-0x2f5fffff]
[ 0.000000] On node 0 totalpages: 4167032
[ 0.000000] free_area_init_node: node 0, pgdat c190c700, node_mem_map eda94020
[ 0.000000] DMA zone: 32 pages used for memmap
[ 0.000000] DMA zone: 0 pages reserved
[ 0.000000] DMA zone: 3996 pages, LIFO batch:0
[ 0.000000] Normal zone: 1752 pages used for memmap
[ 0.000000] Normal zone: 223742 pages, LIFO batch:31
[ 0.000000] HighMem zone: 32501 pages used for memmap
[ 0.000000] HighMem zone: 3939294 pages, LIFO batch:31
[ 0.000000] Using APIC driver default
[ 0.000000] ACPI: PM-Timer IO Port: 0x408
[ 0.000000] ACPI: Local APIC address 0xfee00000
[ 0.000000] ACPI: LAPIC (acpi_id[0x01] lapic_id[0x00] enabled)
[ 0.000000] ACPI: LAPIC (acpi_id[0x02] lapic_id[0x02] enabled)
[ 0.000000] ACPI: LAPIC (acpi_id[0x03] lapic_id[0x01] enabled)
[ 0.000000] ACPI: LAPIC (acpi_id[0x04] lapic_id[0x03] enabled)
[ 0.000000] ACPI: LAPIC_NMI (acpi_id[0xff] high edge lint[0x1])
[ 0.000000] ACPI: IOAPIC (id[0x02] address[0xfec00000] gsi_base[0])
[ 0.000000] IOAPIC[0]: apic_id 2, version 32, address 0xfec00000, GSI 0-23
[ 0.000000] ACPI: INT_SRC_OVR (bus 0 bus_irq 0 global_irq 2 dfl dfl)
[ 0.000000] ACPI: INT_SRC_OVR (bus 0 bus_irq 9 global_irq 9 high level)
[ 0.000000] ACPI: IRQ0 used by override.
[ 0.000000] ACPI: IRQ2 used by override.
[ 0.000000] ACPI: IRQ9 used by override.
[ 0.000000] Using ACPI (MADT) for SMP configuration information
[ 0.000000] ACPI: HPET id: 0x8086a701 base: 0xfed00000
[ 0.000000] smpboot: Allowing 4 CPUs, 0 hotplug CPUs
[ 0.000000] nr_irqs_gsi: 40
[ 0.000000] PM: Registered nosave memory: 000000000009d000 - 000000000009e000
[ 0.000000] PM: Registered nosave memory: 000000000009e000 - 00000000000a0000
[ 0.000000] PM: Registered nosave memory: 00000000000a0000 - 00000000000e0000
[ 0.000000] PM: Registered nosave memory: 00000000000e0000 - 0000000000100000
[ 0.000000] PM: Registered nosave memory: 0000000020000000 - 0000000020200000
[ 0.000000] e820: [mem 0xcfa00000-0xf7ffffff] available for PCI devices
[ 0.000000] Booting paravirtualized kernel on bare hardware
[ 0.000000] setup_percpu: NR_CPUS:8 nr_cpumask_bits:8 nr_cpu_ids:4 nr_node_ids:1
[ 0.000000] PERCPU: Embedded 14 pages/cpu @f7bb3000 s36160 r0 d21184 u57344
[ 0.000000] pcpu-alloc: s36160 r0 d21184 u57344 alloc=14*4096
[ 0.000000] pcpu-alloc: [0] 0 [0] 1 [0] 2 [0] 3
[ 0.000000] Built 1 zonelists in Zone order, mobility grouping on. Total pages: 4165248
[ 0.000000] Kernel command line: BOOT_IMAGE=/boot/vmlinuz-3.10.0-2-generic root=UUID=17c32e08-4501-4251-8542-82b1b43558d2 ro splash quiet vt.handoff=7
[ 0.000000] PID hash table entries: 4096 (order: 2, 16384 bytes)
[ 0.000000] Dentry cache hash table entries: 131072 (order: 7, 524288 bytes)
[ 0.000000] Inode-cache hash table entries: 65536 (order: 6, 262144 bytes)
[ 0.000000] Initializing CPU#0
[ 0.000000] xsave: enabled xstate_bv 0x7, cntxt size 0x340
[ 0.000000] allocated 35106808 bytes of page_cgroup
[ 0.000000] please try \'cgroup_disable=memory\' option if you don\'t want memory cgroups
[ 0.000000] Initializing HighMem for node 0 (00037bfe:0042f600)
[ 0.000000] Memory: 16467616k/17553408k available (6256k kernel code, 200512k reserved, 3076k data, 864k init, 15757176k highmem)
[ 0.000000] virtual kernel memory layout:
[ 0.000000] fixmap : 0xfff13000 - 0xfffff000 ( 944 kB)
[ 0.000000] pkmap : 0xffc00000 - 0xffe00000 (2048 kB)
[ 0.000000] vmalloc : 0xf83fe000 - 0xffbfe000 ( 120 MB)
[ 0.000000] lowmem : 0xc0000000 - 0xf7bfe000 ( 891 MB)
[ 0.000000] .init : 0xc191e000 - 0xc19f6000 ( 864 kB)
[ 0.000000] .data : 0xc161c238 - 0xc191d580 (3076 kB)
[ 0.000000] .text : 0xc1000000 - 0xc161c238 (6256 kB)
[ 0.000000] Checking if this processor honours the WP bit even in supervisor mode...Ok.
[ 0.000000] SLUB: HWalign=64, Order=0-3, MinObjects=0, CPUs=4, Nodes=1
[ 0.000000] Hierarchical RCU implementation.
[ 0.000000] RCU dyntick-idle grace-period acceleration is enabled.
[ 0.000000] RCU restricting CPUs from NR_CPUS=8 to nr_cpu_ids=4.
[ 0.000000] NR_IRQS:2304 nr_irqs:712 16
[ 0.000000] CPU 0 irqstacks, hard=f7408000 soft=f740a000
[ 0.000000] Console: colour dummy device 80x25
[ 0.000000] console [tty0] enabled
[ 0.000000] hpet clockevent registered
[ 0.000000] tsc: Fast TSC calibration using PIT
[ 0.004000] tsc: Detected 2294.715 MHz processor
[ 0.000001] Calibrating delay loop (skipped), value calculated using timer frequency.. 4589.43 BogoMIPS (lpj=9178860)
[ 0.000004] pid_max: default: 32768 minimum: 301
[ 0.000028] Security Framework initialized
[ 0.000036] AppArmor: AppArmor initialized
[ 0.000037] Yama: becoming mindful.
[ 0.000074] Mount-cache hash table entries: 512
[ 0.000241] Initializing cgroup subsys memory
[ 0.000247] Initializing cgroup subsys devices
[ 0.000249] Initializing cgroup subsys freezer
[ 0.000250] Initializing cgroup subsys blkio
[ 0.000252] Initializing cgroup subsys perf_event
[ 0.000254] Initializing cgroup subsys hugetlb
[ 0.000278] CPU: Physical Processor ID: 0
[ 0.000280] CPU: Processor Core ID: 0
[ 0.000284] ENERGY_PERF_BIAS: Set to \'normal\', was \'performance\'
[ 0.000284] ENERGY_PERF_BIAS: View and update with x86_energy_perf_policy(8)
[ 0.000286] mce: CPU supports 7 MCE banks
[ 0.000297] CPU0: Thermal monitoring enabled (TM1)
[ 0.000308] Last level iTLB entries: 4KB 512, 2MB 0, 4MB 0
[ 0.000308] Last level dTLB entries: 4KB 512, 2MB 32, 4MB 32
[ 0.000308] tlb_flushall_shift: 5
[ 0.000646] Freeing SMP alternatives: 24k freed
[ 0.002716] ACPI: Core revision 20130328
[ 0.014805] ACPI: All ACPI Tables successfully acquired
[ 0.015277] ftrace: allocating 26917 entries in 53 pages
[ 0.028212] Enabling APIC mode: Flat. Using 1 I/O APICs
[ 0.028641] ..TIMER: vector=0x30 apic1=0 pin1=2 apic2=-1 pin2=-1
[ 0.068303] smpboot: CPU0: Intel(R) Core(TM) i3-2350M CPU @ 2.30GHz (fam: 06, model: 2a, stepping: 07)
[ 0.068311] TSC deadline timer enabled
[ 0.068323] Performance Events: PEBS fmt1+, 16-deep LBR, SandyBridge events, Intel PMU driver.
[ 0.068329] perf_event_intel: PEBS disabled due to CPU errata, please upgrade microcode
[ 0.068332] ... version: 3
[ 0.068333] ... bit width: 48
[ 0.068334] ... generic registers: 4
[ 0.068335] ... value mask: 0000ffffffffffff
[ 0.068336] ... max period: 000000007fffffff
[ 0.068337] ... fixed-purpose events: 3
[ 0.068339] ... event mask: 000000070000000f
[ 0.069344] CPU 1 irqstacks, hard=f7506000 soft=f7510000
[ 0.079602] Initializing CPU#1
[ 0.082530] NMI watchdog: enabled on all CPUs, permanently consumes one hw-PMU counter.
[ 0.069346] smpboot: Booting Node 0, Processors #1
[ 0.082610] CPU 2 irqstacks, hard=f7592000 soft=f7594000
[ 0.092926] Initializing CPU#2
[ 0.082611] #2
[ 0.095840] CPU 3 irqstacks, hard=f75fe000 soft=f7600000
[ 0.095843] #3 OK
[ 0.106099] Initializing CPU#3
[ 0.108995] Brought up 4 CPUs
[ 0.108998] smpboot: Total of 4 processors activated (18357.72 BogoMIPS)
[ 0.112360] devtmpfs: initialized
[ 0.112533] EVM: security.selinux
[ 0.112534] EVM: security.SMACK64
[ 0.112535] EVM: security.capability
[ 0.112614] PM: Registering ACPI NVS region [mem 0xca5cd000-0xca84cfff] (2621440 bytes)
[ 0.112664] PM: Registering ACPI NVS region [mem 0xca852000-0xca894fff] (274432 bytes)
[ 0.113590] regulator-dummy: no parameters
[ 0.113637] NET: Registered protocol family 16
[ 0.113763] EISA bus registered
[ 0.113828] ACPI FADT declares the system doesn\'t support PCIe ASPM, so disable it
[ 0.113829] ACPI: bus type PCI registered
[ 0.113832] acpiphp: ACPI Hot Plug PCI Controller Driver version: 0.5
[ 0.113883] PCI: MMCONFIG for domain 0000 [bus 00-3f] at [mem 0xf8000000-0xfbffffff] (base 0xf8000000)
[ 0.113886] PCI: MMCONFIG at [mem 0xf8000000-0xfbffffff] reserved in E820
[ 0.113887] PCI: Using MMCONFIG for extended config space
[ 0.113889] PCI: Using configuration type 1 for base access
[ 0.114820] bio: create slab <bio-0> at 0
[ 0.114950] ACPI: Added _OSI(Module Device)
[ 0.114952] ACPI: Added _OSI(Processor Device)
[ 0.114953] ACPI: Added _OSI(3.0 _SCP Extensions)
[ 0.114955] ACPI: Added _OSI(Processor Aggregator Device)
[ 0.117994] ACPI: EC: EC description table is found, configuring boot EC
[ 0.186338] ACPI: Executed 1 blocks of module-level executable AML code
[ 0.223320] ACPI: SSDT ca57a018 00859 (v01 PmRef Cpu0Cst 00003001 INTL 20051117)
[ 0.224080] ACPI: Dynamic OEM Table Load:
[ 0.224083] ACPI: SSDT (null) 00859 (v01 PmRef Cpu0Cst 00003001 INTL 20051117)
[ 0.239306] ACPI: SSDT ca57ba98 00303 (v01 PmRef ApIst 00003000 INTL 20051117)
[ 0.240105] ACPI: Dynamic OEM Table Load:
[ 0.240108] ACPI: SSDT (null) 00303 (v01 PmRef ApIst 00003000 INTL 20051117)
[ 0.259144] ACPI: SSDT ca57cc18 00119 (v01 PmRef ApCst 00003000 INTL 20051117)
[ 0.259893] ACPI: Dynamic OEM Table Load:
[ 0.259895] ACPI: SSDT (null) 00119 (v01 PmRef ApCst 00003000 INTL 20051117)
[ 0.275731] ACPI: Interpreter enabled
[ 0.275745] ACPI Exception: AE_NOT_FOUND, While evaluating Sleep State [\\_S2_] (20130328/hwxface-568)
[ 0.275760] ACPI: (supports S0 S1 S3 S4 S5)
[ 0.275762] ACPI: Using IOAPIC for interrupt routing
[ 0.275788] PCI: Using host bridge windows from ACPI; if necessary, use "pci=nocrs" and report a bug
[ 0.275939] ACPI: No dock devices found.
[ 0.288017] ACPI: PCI Root Bridge [PCI0] (domain 0000 [bus 00-3e])
[ 0.288763] PCI host bridge to bus 0000:00
[ 0.288767] pci_bus 0000:00: root bus resource [bus 00-3e]
[ 0.288769] pci_bus 0000:00: root bus resource [io 0x0000-0x0cf7]
[ 0.288771] pci_bus 0000:00: root bus resource [io 0x0d00-0xffff]
[ 0.288773] pci_bus 0000:00: root bus resource [mem 0x000a0000-0x000bffff]
[ 0.288775] pci_bus 0000:00: root bus resource [mem 0x000d0000-0x000d3fff]
[ 0.288776] pci_bus 0000:00: root bus resource [mem 0x000d4000-0x000d7fff]
[ 0.288778] pci_bus 0000:00: root bus resource [mem 0x000d8000-0x000dbfff]
[ 0.288780] pci_bus 0000:00: root bus resource [mem 0x000dc000-0x000dffff]
[ 0.288782] pci_bus 0000:00: root bus resource [mem 0x000e0000-0x000e3fff]
[ 0.288784] pci_bus 0000:00: root bus resource [mem 0x000e4000-0x000e7fff]
[ 0.288786] pci_bus 0000:00: root bus resource [mem 0xcfa00000-0xfeafffff]
[ 0.288790] pci_bus 0000:00: root bus resource [mem 0x42f600000-0xfffffffff]
[ 0.288798] pci 0000:00:00.0: [8086:0104] type 00 class 0x060000
[ 0.288900] pci 0000:00:01.0: [8086:0101] type 01 class 0x060400
[ 0.288935] pci 0000:00:01.0: PME# supported from D0 D3hot D3cold
[ 0.288985] pci 0000:00:02.0: [8086:0116] type 00 class 0x030000
[ 0.288997] pci 0000:00:02.0: reg 10: [mem 0xf6400000-0xf67fffff 64bit]
[ 0.289004] pci 0000:00:02.0: reg 18: [mem 0xd0000000-0xdfffffff 64bit pref]
[ 0.289009] pci 0000:00:02.0: reg 20: [io 0xf000-0xf03f]
[ 0.289121] pci 0000:00:16.0: [8086:1e3a] type 00 class 0x078000
[ 0.289147] pci 0000:00:16.0: reg 10: [mem 0xf730b000-0xf730b00f 64bit]
[ 0.289229] pci 0000:00:16.0: PME# supported from D0 D3hot D3cold
[ 0.289326] pci 0000:00:1a.0: [8086:1e2d] type 00 class 0x0c0320
[ 0.289350] pci 0000:00:1a.0: reg 10: [mem 0xf7308000-0xf73083ff]
[ 0.289446] pci 0000:00:1a.0: PME# supported from D0 D3hot D3cold
[ 0.289484] pci 0000:00:1a.0: System wakeup disabled by ACPI
[ 0.289522] pci 0000:00:1b.0: [8086:1e20] type 00 class 0x040300
[ 0.289540] pci 0000:00:1b.0: reg 10: [mem 0xf7300000-0xf7303fff 64bit]
[ 0.289615] pci 0000:00:1b.0: PME# supported from D0 D3hot D3cold
[ 0.289706] pci 0000:00:1c.0: [8086:1e10] type 01 class 0x060400
[ 0.289835] pci 0000:00:1c.0: PME# supported from D0 D3hot D3cold
[ 0.289888] pci 0000:00:1c.0: System wakeup disabled by ACPI
[ 0.289923] pci 0000:00:1c.1: [8086:1e12] type 01 class 0x060400
[ 0.290054] pci 0000:00:1c.1: PME# supported from D0 D3hot D3cold
[ 0.290110] pci 0000:00:1c.1: System wakeup disabled by ACPI
[ 0.290146] pci 0000:00:1c.2: [8086:1e14] type 01 class 0x060400
[ 0.290277] pci 0000:00:1c.2: PME# supported from D0 D3hot D3cold
[ 0.290333] pci 0000:00:1c.2: System wakeup disabled by ACPI
[ 0.290367] pci 0000:00:1c.5: [8086:1e1a] type 01 class 0x060400
[ 0.290451] pci 0000:00:1c.5: PME# supported from D0 D3hot D3cold
[ 0.290503] pci 0000:00:1c.5: System wakeup disabled by ACPI
[ 0.290543] pci 0000:00:1d.0: [8086:1e26] type 00 class 0x0c0320
[ 0.290567] pci 0000:00:1d.0: reg 10: [mem 0xf7307000-0xf73073ff]
[ 0.290664] pci 0000:00:1d.0: PME# supported from D0 D3hot D3cold
[ 0.290694] pci 0000:00:1d.0: System wakeup disabled by ACPI
[ 0.290728] pci 0000:00:1f.0: [8086:1e57] type 00 class 0x060100
[ 0.290886] pci 0000:00:1f.2: [8086:1e03] type 00 class 0x010601
[ 0.290907] pci 0000:00:1f.2: reg 10: [io 0xf0b0-0xf0b7]
[ 0.290916] pci 0000:00:1f.2: reg 14: [io 0xf0a0-0xf0a3]
[ 0.290924] pci 0000:00:1f.2: reg 18: [io 0xf090-0xf097]
[ 0.290933] pci 0000:00:1f.2: reg 1c: [io 0xf080-0xf083]
[ 0.290941] pci 0000:00:1f.2: reg 20: [io 0xf060-0xf07f]
[ 0.290951] pci 0000:00:1f.2: reg 24: [mem 0xf7306000-0xf73067ff]
[ 0.291007] pci 0000:00:1f.2: PME# supported from D3hot
[ 0.291061] pci 0000:00:1f.3: [8086:1e22] type 00 class 0x0c0500
[ 0.291079] pci 0000:00:1f.3: reg 10: [mem 0xf7305000-0xf73050ff 64bit]
[ 0.291102] pci 0000:00:1f.3: reg 20: [io 0xf040-0xf05f]
[ 0.291244] pci 0000:01:00.0: [10de:0fd3] type 00 class 0x030000
[ 0.291259] pci 0000:01:00.0: reg 10: [mem 0xf5000000-0xf5ffffff]
[ 0.291274] pci 0000:01:00.0: reg 14: [mem 0xe0000000-0xefffffff 64bit pref]
[ 0.291290] pci 0000:01:00.0: reg 1c: [mem 0xf0000000-0xf1ffffff 64bit pref]
[ 0.291300] pci 0000:01:00.0: reg 24: [io 0xe000-0xe07f]
[ 0.291310] pci 0000:01:00.0: reg 30: [mem 0xf6000000-0xf607ffff pref]
[ 0.299017] pci 0000:00:01.0: PCI bridge to [bus 01]
[ 0.299026] pci 0000:00:01.0: bridge window [io 0xe000-0xefff]
[ 0.299034] pci 0000:00:01.0: bridge window [mem 0xf5000000-0xf60fffff]
[ 0.299044] pci 0000:00:01.0: bridge window [mem 0xe0000000-0xf1ffffff 64bit pref]
[ 0.299162] pci 0000:00:1c.0: PCI bridge to [bus 02]
[ 0.299425] pci 0000:03:00.0: [8086:0082] type 00 class 0x028000
[ 0.299606] pci 0000:03:00.0: reg 10: [mem 0xf7200000-0xf7201fff 64bit]
[ 0.300310] pci 0000:03:00.0: PME# supported from D0 D3hot D3cold
[ 0.300443] pci 0000:03:00.0: System wakeup disabled by ACPI
[ 0.307145] pci 0000:00:1c.1: PCI bridge to [bus 03]
[ 0.307154] pci 0000:00:1c.1: bridge window [mem 0xf7200000-0xf72fffff]
[ 0.307245] pci 0000:00:1c.2: PCI bridge to [bus 04]
[ 0.307250] pci 0000:00:1c.2: bridge window [io 0xd000-0xdfff]
[ 0.307255] pci 0000:00:1c.2: bridge window [mem 0xf6800000-0xf71fffff]
[ 0.307264] pci 0000:00:1c.2: bridge window [mem 0xf2100000-0xf2afffff 64bit pref]
[ 0.307352] pci 0000:05:00.0: [10ec:8168] type 00 class 0x020000
[ 0.307374] pci 0000:05:00.0: reg 10: [io 0xc000-0xc0ff]
[ 0.307410] pci 0000:05:00.0: reg 18: [mem 0xf2b04000-0xf2b04fff 64bit pref]
[ 0.307433] pci 0000:05:00.0: reg 20: [mem 0xf2b00000-0xf2b03fff 64bit pref]
[ 0.307530] pci 0000:05:00.0: supports D1 D2
[ 0.307532] pci 0000:05:00.0: PME# supported from D0 D1 D2 D3hot D3cold
[ 0.307572] pci 0000:05:00.0: System wakeup disabled by ACPI
[ 0.315029] pci 0000:00:1c.5: PCI bridge to [bus 05]
[ 0.315039] pci 0000:00:1c.5: bridge window [io 0xc000-0xcfff]
[ 0.315058] pci 0000:00:1c.5: bridge window [mem 0xf2b00000-0xf2bfffff 64bit pref]
[ 0.315120] pci_bus 0000:00: on NUMA node 0
[ 0.315217] acpi PNP0A08:00: Requesting ACPI _OSC control (0x1d)
[ 0.315681] acpi PNP0A08:00: ACPI _OSC control (0x1d) granted
[ 0.316566] ACPI: PCI Interrupt Link [LNKA] (IRQs 3 4 5 6 7 10 *11 12)
[ 0.316625] ACPI: PCI Interrupt Link [LNKB] (IRQs *3 4 5 6 7 10 12)
[ 0.316682] ACPI: PCI Interrupt Link [LNKC] (IRQs 3 *4 5 6 7 10 12)
[ 0.316739] ACPI: PCI Interrupt Link [LNKD] (IRQs 3 4 5 6 7 *10 12)
[ 0.316794] ACPI: PCI Interrupt Link [LNKE] (IRQs 3 4 5 6 7 10 12) *0, disabled.
[ 0.316851] ACPI: PCI Interrupt Link [LNKF] (IRQs 3 4 5 6 7 10 12) *0, disabled.
[ 0.316908] ACPI: PCI Interrupt Link [LNKG] (IRQs 3 4 *5 6 7 10 12)
[ 0.316964] ACPI: PCI Interrupt Link [LNKH] (IRQs 3 4 5 6 7 *10 12)
[ 0.317393] ACPI: Enabled 3 GPEs in block 00 to 3F
[ 0.317399] acpi root: \\_SB_.PCI0 notify handler is installed
[ 0.317472] Found 1 acpi root devices
[ 0.317538] ACPI: EC: GPE = 0x1b, I/O: command/status = 0x66, data = 0x62
[ 0.317656] vgaarb: device added: PCI:0000:00:02.0,decodes=io+mem,owns=io+mem,locks=none
[ 0.317661] vgaarb: device added: PCI:0000:01:00.0,decodes=io+mem,owns=none,locks=none
[ 0.317663] vgaarb: loaded
[ 0.317664] vgaarb: bridge control possible 0000:01:00.0
[ 0.317665] vgaarb: no bridge control possible 0000:00:02.0
[ 0.317834] SCSI subsystem initialized
[ 0.317836] ACPI: bus type ATA registered
[ 0.317871] libata version 3.00 loaded.
[ 0.317885] ACPI: bus type USB registered
[ 0.317902] usbcore: registered new interface driver usbfs
[ 0.317909] usbcore: registered new interface driver hub
[ 0.317940] usbcore: registered new device driver usb
[ 0.318048] PCI: Using ACPI for IRQ routing
[ 0.319589] PCI: pci_cache_line_size set to 64 bytes
[ 0.319648] e820: reserve RAM buffer [mem 0x0009d800-0x0009ffff]
[ 0.319650] e820: reserve RAM buffer [mem 0xc9fbf000-0xcbffffff]
[ 0.319653] e820: reserve RAM buffer [mem 0xcaca5000-0xcbffffff]
[ 0.319655] e820: reserve RAM buffer [mem 0xcb000000-0xcbffffff]
[ 0.319657] e820: reserve RAM buffer [mem 0x42f600000-0x42fffffff]
[ 0.319733] NetLabel: Initializing
[ 0.319735] NetLabel: domain hash size = 128
[ 0.319736] NetLabel: protocols = UNLABELED CIPSOv4
[ 0.319745] NetLabel: unlabeled traffic allowed by default
[ 0.319835] hpet0: at MMIO 0xfed00000, IRQs 2, 8, 0, 0, 0, 0, 0, 0
[ 0.319841] hpet0: 8 comparators, 64-bit 14.318180 MHz counter
[ 0.321851] Switching to clocksource hpet
[ 0.327614] AppArmor: AppArmor Filesystem Enabled
[ 0.327634] pnp: PnP ACPI init
[ 0.327645] ACPI: bus type PNP registered
[ 0.327719] system 00:00: [mem 0xfed40000-0xfed44fff] has been reserved
[ 0.327723] system 00:00: Plug and Play ACPI device, IDs PNP0c01 (active)
[ 0.327759] pnp 00:01: [dma 4]
[ 0.327774] pnp 00:01: Plug and Play ACPI device, IDs PNP0200 (active)
[ 0.327794] pnp 00:02: Plug and Play ACPI device, IDs INT0800 (active)
[ 0.327885] pnp 00:03: Plug and Play ACPI device, IDs PNP0103 (active)
[ 0.327926] system 00:04: [io 0x0680-0x069f] has been reserved
[ 0.327928] system 00:04: [io 0x0200-0x020f] has been reserved
[ 0.327931] system 00:04: [io 0xffff] has been reserved
[ 0.327933] system 00:04: [io 0xffff] has been reserved
[ 0.327935] system 00:04: [io 0x0400-0x0453] has been reserved
[ 0.327937] system 00:04: [io 0x0458-0x047f] has been reserved
[ 0.327939] system 00:04: [io 0x0500-0x057f] has been reserved
[ 0.327943] system 00:04: [io 0x164e-0x164f] has been reserved
[ 0.327945] system 00:04: Plug and Play ACPI device, IDs PNP0c02 (active)
[ 0.327973] pnp 00:05: Plug and Play ACPI device, IDs PNP0b00 (active)
[ 0.328020] system 00:06: [io 0x0454-0x0457] has been reserved
[ 0.328022] system 00:06: Plug and Play ACPI device, IDs INT3f0d PNP0c02 (active)
[ 0.328069] system 00:07: [io 0x04d0-0x04d1] has been reserved
[ 0.328071] system 00:07: Plug and Play ACPI device, IDs PNP0c02 (active)
[ 0.328095] pnp 00:08: Plug and Play ACPI device, IDs PNP0c04 (active)
[ 0.328170] system 00:09: [io 0x04d0-0x04d1] has been reserved
[ 0.328173] system 00:09: [io 0x0400-0x047f] could not be reserved
[ 0.328175] system 00:09: [io 0x0500-0x057f] has been reserved
[ 0.328178] system 00:09: Plug and Play ACPI device, IDs PNP0c02 (active)
[ 0.328242] system 00:0a: [io 0x025d] has been reserved
[ 0.328245] system 00:0a: [io 0x025c] has been reserved
[ 0.328247] system 00:0a: [mem 0xfec00000-0xfec00fff] could not be reserved
[ 0.328250] system 00:0a: [mem 0xfee00000-0xfee00fff] has been reserved
[ 0.328252] system 00:0a: [mem 0xfec10000-0xfec17fff] has been reserved
[ 0.328255] system 00:0a: [mem 0xfec18000-0xfec1ffff] has been reserved
[ 0.328257] system 00:0a: [mem 0xfec20000-0xfec27fff] has been reserved
[ 0.328260] system 00:0a: [mem 0xfec38000-0xfec3ffff] has been reserved
[ 0.328262] system 00:0a: [mem 0xff000000-0xffffffff] has been reserved
[ 0.328264] system 00:0a: Plug and Play ACPI device, IDs PNP0c02 (active)
[ 0.328311] pnp 00:0b: Plug and Play ACPI device, IDs PNP0f13 SYN1d00 SYN0002 (active)
[ 0.328335] pnp 00:0c: Plug and Play ACPI device, IDs PNP0303 (active)
[ 0.328366] system 00:0d: [io 0x0240-0x0259] has been reserved
[ 0.328369] system 00:0d: Plug and Play ACPI device, IDs PNP0c02 (active)
[ 0.328625] system 00:0e: [mem 0xfed1c000-0xfed1ffff] has been reserved
[ 0.328628] system 00:0e: [mem 0xfed10000-0xfed17fff] has been reserved
[ 0.328630] system 00:0e: [mem 0xfed18000-0xfed18fff] has been reserved
[ 0.328632] system 00:0e: [mem 0xfed19000-0xfed19fff] has been reserved
[ 0.328634] system 00:0e: [mem 0xf8000000-0xfbffffff] has been reserved
[ 0.328636] system 00:0e: [mem 0xfed20000-0xfed3ffff] has been reserved
[ 0.328639] system 00:0e: [mem 0xfed90000-0xfed93fff] has been reserved
[ 0.328641] system 00:0e: [mem 0xfed45000-0xfed8ffff] has been reserved
[ 0.328643] system 00:0e: [mem 0xff000000-0xffffffff] has been reserved
[ 0.328645] system 00:0e: [mem 0xfee00000-0xfeefffff] could not be reserved
[ 0.328648] system 00:0e: [mem 0xcfa00000-0xcfa00fff] has been reserved
[ 0.328650] system 00:0e: Plug and Play ACPI device, IDs PNP0c02 (active)
[ 0.328833] system 00:0f: [mem 0x00000000-0x0009ffff] could not be reserved
[ 0.328836] system 00:0f: [mem 0x000e0000-0x000fffff] could not be reserved
[ 0.328838] system 00:0f: Plug and Play ACPI device, IDs PNP0c01 (active)
[ 0.328866] pnp: PnP ACPI: found 16 devices
[ 0.328867] ACPI: bus type PNP unregistered
[ 0.328869] PnPBIOS: Disabled by ACPI PNP
[ 0.365040] pci 0000:00:1c.0: bridge window [io 0x1000-0x0fff] to [bus 02] add_size 1000
[ 0.365043] pci 0000:00:1c.0: bridge window [mem 0x00100000-0x000fffff 64bit pref] to [bus 02] add_size 200000
[ 0.365046] pci 0000:00:1c.0: bridge window [mem 0x00100000-0x000fffff] to [bus 02] add_size 200000
[ 0.365074] pci 0000:00:1c.0: res[14]=[mem 0x00100000-0x000fffff] get_res_add_size add_size 200000
[ 0.365077] pci 0000:00:1c.0: res[15]=[mem 0x00100000-0x000fffff 64bit pref] get_res_add_size add_size 200000
[ 0.365079] pci 0000:00:1c.0: res[13]=[io 0x1000-0x0fff] get_res_add_size add_size 1000
[ 0.365085] pci 0000:00:1c.0: BAR 14: assigned [mem 0xcfb00000-0xcfcfffff]
[ 0.365089] pci 0000:00:1c.0: BAR 15: assigned [mem 0xcfd00000-0xcfefffff 64bit pref]
[ 0.365092] pci 0000:00:1c.0: BAR 13: assigned [io 0x2000-0x2fff]
[ 0.365095] pci 0000:00:01.0: PCI bridge to [bus 01]
[ 0.365098] pci 0000:00:01.0: bridge window [io 0xe000-0xefff]
[ 0.365101] pci 0000:00:01.0: bridge window [mem 0xf5000000-0xf60fffff]
[ 0.365104] pci 0000:00:01.0: bridge window [mem 0xe0000000-0xf1ffffff 64bit pref]
[ 0.365108] pci 0000:00:1c.0: PCI bridge to [bus 02]
[ 0.365111] pci 0000:00:1c.0: bridge window [io 0x2000-0x2fff]
[ 0.365117] pci 0000:00:1c.0: bridge window [mem 0xcfb00000-0xcfcfffff]
[ 0.365121] pci 0000:00:1c.0: bridge window [mem 0xcfd00000-0xcfefffff 64bit pref]
[ 0.365128] pci 0000:00:1c.1: PCI bridge to [bus 03]
[ 0.365134] pci 0000:00:1c.1: bridge window [mem 0xf7200000-0xf72fffff]
[ 0.365143] pci 0000:00:1c.2: PCI bridge to [bus 04]
[ 0.365146] pci 0000:00:1c.2: bridge window [io 0xd000-0xdfff]
[ 0.365152] pci 0000:00:1c.2: bridge window [mem 0xf6800000-0xf71fffff]
[ 0.365157] pci 0000:00:1c.2: bridge window [mem 0xf2100000-0xf2afffff 64bit pref]
[ 0.365163] pci 0000:00:1c.5: PCI bridge to [bus 05]
[ 0.365167] pci 0000:00:1c.5: bridge window [io 0xc000-0xcfff]
[ 0.365175] pci 0000:00:1c.5: bridge window [mem 0xf2b00000-0xf2bfffff 64bit pref]
[ 0.365549] pci_bus 0000:00: resource 4 [io 0x0000-0x0cf7]
[ 0.365552] pci_bus 0000:00: resource 5 [io 0x0d00-0xffff]
[ 0.365554] pci_bus 0000:00: resource 6 [mem 0x000a0000-0x000bffff]
[ 0.365555] pci_bus 0000:00: resource 7 [mem 0x000d0000-0x000d3fff]
[ 0.365557] pci_bus 0000:00: resource 8 [mem 0x000d4000-0x000d7fff]
[ 0.365559] pci_bus 0000:00: resource 9 [mem 0x000d8000-0x000dbfff]
[ 0.365561] pci_bus 0000:00: resource 10 [mem 0x000dc000-0x000dffff]
[ 0.365563] pci_bus 0000:00: resource 11 [mem 0x000e0000-0x000e3fff]
[ 0.365565] pci_bus 0000:00: resource 12 [mem 0x000e4000-0x000e7fff]
[ 0.365567] pci_bus 0000:00: resource 13 [mem 0xcfa00000-0xfeafffff]
[ 0.365568] pci_bus 0000:00: resource 14 [mem 0x42f600000-0xfffffffff]
[ 0.365571] pci_bus 0000:01: resource 0 [io 0xe000-0xefff]
[ 0.365572] pci_bus 0000:01: resource 1 [mem 0xf5000000-0xf60fffff]
[ 0.365574] pci_bus 0000:01: resource 2 [mem 0xe0000000-0xf1ffffff 64bit pref]
[ 0.365576] pci_bus 0000:02: resource 0 [io 0x2000-0x2fff]
[ 0.365578] pci_bus 0000:02: resource 1 [mem 0xcfb00000-0xcfcfffff]
[ 0.365580] pci_bus 0000:02: resource 2 [mem 0xcfd00000-0xcfefffff 64bit pref]
[ 0.365582] pci_bus 0000:03: resource 1 [mem 0xf7200000-0xf72fffff]
[ 0.365584] pci_bus 0000:04: resource 0 [io 0xd000-0xdfff]
[ 0.365586] pci_bus 0000:04: resource 1 [mem 0xf6800000-0xf71fffff]
[ 0.365588] pci_bus 0000:04: resource 2 [mem 0xf2100000-0xf2afffff 64bit pref]
[ 0.365590] pci_bus 0000:05: resource 0 [io 0xc000-0xcfff]
[ 0.365592] pci_bus 0000:05: resource 2 [mem 0xf2b00000-0xf2bfffff 64bit pref]
[ 0.365618] NET: Registered protocol family 2
[ 0.365753] TCP established hash table entries: 8192 (order: 4, 65536 bytes)
[ 0.365769] TCP bind hash table entries: 8192 (order: 4, 65536 bytes)
[ 0.365783] TCP: Hash tables configured (established 8192 bind 8192)
[ 0.365794] TCP: reno registered
[ 0.365796] UDP hash table entries: 512 (order: 2, 16384 bytes)
[ 0.365800] UDP-Lite hash table entries: 512 (order: 2, 16384 bytes)
[ 0.365855] NET: Registered protocol family 1
[ 0.365866] pci 0000:00:02.0: Boot video device
[ 0.406020] PCI: CLS 64 bytes, default 64
[ 0.406056] Trying to unpack rootfs image as initramfs...
[ 0.697698] Freeing initrd memory: 16088k freed
[ 0.699791] Simple Boot Flag at 0x47 set to 0x1
[ 0.699984] Scanning for low memory corruption every 60 seconds
[ 0.700169] Initialise module verification
[ 0.700209] audit: initializing netlink socket (disabled)
[ 0.700218] type=2000 audit(1372879794.696:1): initialized
[ 0.722287] bounce pool size: 64 pages
[ 0.722301] HugeTLB registered 2 MB page size, pre-allocated 0 pages
[ 0.724152] VFS: Disk quotas dquot_6.5.2
[ 0.724196] Dquot-cache hash table entries: 1024 (order 0, 4096 bytes)
[ 0.724602] fuse init (API version 7.22)
[ 0.724676] msgmni has been set to 1419
[ 0.725126] Key type asymmetric registered
[ 0.725128] Asymmetric key parser \'x509\' registered
[ 0.725156] Block layer SCSI generic (bsg) driver version 0.4 loaded (major 252)
[ 0.725192] io scheduler noop registered
[ 0.725195] io scheduler deadline registered (default)
[ 0.725220] io scheduler cfq registered
[ 0.725308] pcieport 0000:00:01.0: irq 40 for MSI/MSI-X
[ 0.725374] pcieport 0000:00:1c.0: irq 41 for MSI/MSI-X
[ 0.725457] pcieport 0000:00:1c.1: irq 42 for MSI/MSI-X
[ 0.725535] pcieport 0000:00:1c.2: irq 43 for MSI/MSI-X
[ 0.725617] pcieport 0000:00:1c.5: irq 44 for MSI/MSI-X
[ 0.725702] pcieport 0000:00:01.0: Signaling PME through PCIe PME interrupt
[ 0.725704] pci 0000:01:00.0: Signaling PME through PCIe PME interrupt
[ 0.725707] pcie_pme 0000:00:01.0:pcie01: service driver pcie_pme loaded
[ 0.725727] pcieport 0000:00:1c.0: Signaling PME through PCIe PME interrupt
[ 0.725731] pcie_pme 0000:00:1c.0:pcie01: service driver pcie_pme loaded
[ 0.725750] pcieport 0000:00:1c.1: Signaling PME through PCIe PME interrupt
[ 0.725752] pci 0000:03:00.0: Signaling PME through PCIe PME interrupt
[ 0.725756] pcie_pme 0000:00:1c.1:pcie01: service driver pcie_pme loaded
[ 0.725774] pcieport 0000:00:1c.2: Signaling PME through PCIe PME interrupt
[ 0.725779] pcie_pme 0000:00:1c.2:pcie01: service driver pcie_pme loaded
[ 0.725798] pcieport 0000:00:1c.5: Signaling PME through PCIe PME interrupt
[ 0.725800] pci 0000:05:00.0: Signaling PME through PCIe PME interrupt
[ 0.725804] pcie_pme 0000:00:1c.5:pcie01: service driver pcie_pme loaded
[ 0.725815] pci_hotplug: PCI Hot Plug PCI Core version: 0.5
[ 0.725849] pciehp 0000:00:1c.0:pcie04: HPC vendor_id 8086 device_id 1e10 ss_vid 10cf ss_did 16e9
[ 0.725881] pciehp 0000:00:1c.0:pcie04: service driver pciehp loaded
[ 0.725893] pciehp 0000:00:1c.2:pcie04: HPC vendor_id 8086 device_id 1e14 ss_vid 10cf ss_did 16e9
[ 0.725919] pciehp 0000:00:1c.2:pcie04: service driver pciehp loaded
[ 0.725924] pciehp: PCI Express Hot Plug Controller Driver version: 0.4
[ 0.725995] intel_idle: MWAIT substates: 0x21120
[ 0.725996] intel_idle: v0.4 model 0x2A
[ 0.725997] intel_idle: lapic_timer_reliable_states 0xffffffff
[ 0.726133] ACPI: AC Adapter [AC0] (on-line)
[ 0.726249] input: Lid Switch as /devices/LNXSYSTM:00/device:00/PNP0C0D:00/input/input0
[ 0.729712] ACPI: Lid Switch [LID]
[ 0.729743] input: Power Button as /devices/LNXSYSTM:00/device:00/PNP0C0C:00/input/input1
[ 0.729747] ACPI: Power Button [PWRB]
[ 0.729813] ACPI: Requesting acpi_cpufreq
[ 0.735029] thermal LNXTHERM:00: registered as thermal_zone0
[ 0.735031] ACPI: Thermal Zone [THRM] (59 C)
[ 0.735056] GHES: HEST is not enabled!
[ 0.735124] isapnp: Scanning for PnP cards...
[ 0.735132] Serial: 8250/16550 driver, 32 ports, IRQ sharing enabled
[ 0.736951] Linux agpgart interface v0.103
[ 0.738690] brd: module loaded
[ 0.739093] ACPI: Battery Slot [BAT0] (battery present)
[ 0.739539] loop: module loaded
[ 0.739681] mei_me 0000:00:16.0: setting latency timer to 64
[ 0.739718] mei_me 0000:00:16.0: irq 45 for MSI/MSI-X
[ 0.744882] libphy: Fixed MDIO Bus: probed
[ 0.745002] tun: Universal TUN/TAP device driver, 1.6
[ 0.745004] tun: (C) 1999-2004 Max Krasnyansky <maxk@qualcomm.com>
[ 0.745047] PPP generic driver version 2.4.2
[ 0.745093] ehci_hcd: USB 2.0 \'Enhanced\' Host Controller (EHCI) Driver
[ 0.745095] ehci-pci: EHCI PCI platform driver
[ 0.745215] ehci-pci 0000:00:1a.0: setting latency timer to 64
[ 0.745224] ehci-pci 0000:00:1a.0: EHCI Host Controller
[ 0.745231] ehci-pci 0000:00:1a.0: new USB bus registered, assigned bus number 1
[ 0.745246] ehci-pci 0000:00:1a.0: debug port 2
[ 0.749135] ehci-pci 0000:00:1a.0: cache line size of 64 is not supported
[ 0.749153] ehci-pci 0000:00:1a.0: irq 16, io mem 0xf7308000
[ 0.757659] ehci-pci 0000:00:1a.0: USB 2.0 started, EHCI 1.00
[ 0.757687] usb usb1: New USB device found, idVendor=1d6b, idProduct=0002
[ 0.757690] usb usb1: New USB device strings: Mfr=3, Product=2, SerialNumber=1
[ 0.757692] usb usb1: Product: EHCI Host Controller
[ 0.757695] usb usb1: Manufacturer: Linux 3.10.0-2-generic ehci_hcd
[ 0.757697] usb usb1: SerialNumber: 0000:00:1a.0
[ 0.757810] hub 1-0:1.0: USB hub found
[ 0.757816] hub 1-0:1.0: 2 ports detected
[ 0.758003] ehci-pci 0000:00:1d.0: setting latency timer to 64
[ 0.758011] ehci-pci 0000:00:1d.0: EHCI Host Controller
[ 0.758016] ehci-pci 0000:00:1d.0: new USB bus registered, assigned bus number 2
[ 0.758031] ehci-pci 0000:00:1d.0: debug port 2
[ 0.761917] ehci-pci 0000:00:1d.0: cache line size of 64 is not supported
[ 0.761934] ehci-pci 0000:00:1d.0: irq 23, io mem 0xf7307000
[ 0.773649] ehci-pci 0000:00:1d.0: USB 2.0 started, EHCI 1.00
[ 0.773672] usb usb2: New USB device found, idVendor=1d6b, idProduct=0002
[ 0.773675] usb usb2: New USB device strings: Mfr=3, Product=2, SerialNumber=1
[ 0.773678] usb usb2: Product: EHCI Host Controller
[ 0.773680] usb usb2: Manufacturer: Linux 3.10.0-2-generic ehci_hcd
[ 0.773683] usb usb2: SerialNumber: 0000:00:1d.0
[ 0.773786] hub 2-0:1.0: USB hub found
[ 0.773790] hub 2-0:1.0: 2 ports detected
[ 0.773872] ehci-platform: EHCI generic platform driver
[ 0.773881] ohci_hcd: USB 1.1 \'Open\' Host Controller (OHCI) Driver
[ 0.773898] uhci_hcd: USB Universal Host Controller Interface driver
[ 0.773989] i8042: PNP: PS/2 Controller [PNP0303:PS2K,PNP0f13:PS2M] at 0x60,0x64 irq 1,12
[ 0.775887] i8042: Detected active multiplexing controller, rev 1.1
[ 0.778053] serio: i8042 KBD port at 0x60,0x64 irq 1
[ 0.778059] serio: i8042 AUX0 port at 0x60,0x64 irq 12
[ 0.778087] serio: i8042 AUX1 port at 0x60,0x64 irq 12
[ 0.778109] serio: i8042 AUX2 port at 0x60,0x64 irq 12
[ 0.778131] serio: i8042 AUX3 port at 0x60,0x64 irq 12
[ 0.778238] mousedev: PS/2 mouse device common for all mice
[ 0.778374] rtc_cmos 00:05: RTC can wake from S4
[ 0.778507] rtc_cmos 00:05: rtc core: registered rtc_cmos as rtc0
[ 0.778537] rtc_cmos 00:05: alarms up to one month, y3k, 242 bytes nvram, hpet irqs
[ 0.778616] device-mapper: uevent: version 1.0.3
[ 0.778683] device-mapper: ioctl: 4.24.0-ioctl (2013-01-15) initialised: dm-devel@redhat.com
[ 0.778702] platform eisa.0: Probing EISA bus 0
[ 0.778721] platform eisa.0: EISA: Detected 0 cards
[ 0.778726] cpufreq-nforce2: No nForce2 chipset.
[ 0.778729] Intel P-state driver initializing.
[ 0.778740] Intel pstate controlling: cpu 0
[ 0.778759] Intel pstate controlling: cpu 1
[ 0.778774] Intel pstate controlling: cpu 2
[ 0.778788] Intel pstate controlling: cpu 3
[ 0.778964] cpuidle: using governor ladder
[ 0.779152] cpuidle: using governor menu
[ 0.779163] ledtrig-cpu: registered to indicate activity on CPUs
[ 0.779286] ashmem: initialized
[ 0.779465] TCP: cubic registered
[ 0.779584] NET: Registered protocol family 10
[ 0.779790] NET: Registered protocol family 17
[ 0.779803] Key type dns_resolver registered
[ 0.780073] Using IPI No-Shortcut mode
[ 0.780290] Loading module verification certificates
[ 0.784909] MODSIGN: Loaded cert \'Magrathea: Glacier signing key: fc3b254577615ac360cc816bd847a31c5ded543e\'
[ 0.784921] registered taskstats version 1
[ 0.787760] Key type trusted registered
[ 0.789630] Key type encrypted registered
[ 0.792805] rtc_cmos 00:05: setting system clock to 2013-07-03 19:29:55 UTC (1372879795)
[ 0.793064] BIOS EDD facility v0.16 2004-Jun-25, 0 devices found
[ 0.793066] EDD information not available.
[ 0.795210] input: AT Translated Set 2 keyboard as /devices/platform/i8042/serio0/input/input2
[ 1.069535] usb 1-1: new high-speed USB device number 2 using ehci-pci
[ 1.089204] isapnp: No Plug & Play device found
[ 1.089425] Freeing unused kernel memory: 864k freed
[ 1.089820] Write protecting the kernel text: 6260k
[ 1.089998] Write protecting the kernel read-only data: 2508k
[ 1.090001] NX-protecting the kernel data: 3980k
[ 1.123379] systemd-udevd[109]: starting version 204
[ 1.170911] libahci: module verification failed: signature and/or required key missing - tainting kernel
[ 1.171804] ahci 0000:00:1f.2: version 3.0
[ 1.172033] ahci 0000:00:1f.2: irq 46 for MSI/MSI-X
[ 1.172082] ahci: SSS flag set, parallel bus scan disabled
[ 1.179199] r8169 Gigabit Ethernet driver 2.3LK-NAPI loaded
[ 1.179464] r8169 0000:05:00.0: irq 47 for MSI/MSI-X
[ 1.179700] r8169 0000:05:00.0 eth0: RTL8168evl/8111evl at 0xf8422000, 50:26:90:18:20:bc, XID 0c900800 IRQ 47
[ 1.179704] r8169 0000:05:00.0 eth0: jumbo features [frames: 9200 bytes, tx checksumming: ko]
[ 1.185473] ahci 0000:00:1f.2: AHCI 0001.0300 32 slots 6 ports 6 Gbps 0x17 impl SATA mode
[ 1.185480] ahci 0000:00:1f.2: flags: 64bit ncq stag pm led clo pio slum part ems sxs apst
[ 1.185487] ahci 0000:00:1f.2: setting latency timer to 64
[ 1.201912] usb 1-1: New USB device found, idVendor=8087, idProduct=0024
[ 1.201922] usb 1-1: New USB device strings: Mfr=0, Product=0, SerialNumber=0
[ 1.202282] hub 1-1:1.0: USB hub found
[ 1.202370] hub 1-1:1.0: 6 ports detected
[ 1.209912] scsi0 : ahci
[ 1.210019] scsi1 : ahci
[ 1.210093] scsi2 : ahci
[ 1.210160] scsi3 : ahci
[ 1.210225] scsi4 : ahci
[ 1.210285] scsi5 : ahci
[ 1.210376] ata1: SATA max UDMA/133 abar m2048@0xf7306000 port 0xf7306100 irq 46
[ 1.210379] ata2: SATA max UDMA/133 abar m2048@0xf7306000 port 0xf7306180 irq 46
[ 1.210382] ata3: SATA max UDMA/133 abar m2048@0xf7306000 port 0xf7306200 irq 46
[ 1.210383] ata4: DUMMY
[ 1.210386] ata5: SATA max UDMA/133 abar m2048@0xf7306000 port 0xf7306300 irq 46
[ 1.210387] ata6: DUMMY
[ 1.313476] usb 2-1: new high-speed USB device number 2 using ehci-pci
[ 1.445740] usb 2-1: New USB device found, idVendor=8087, idProduct=0024
[ 1.445751] usb 2-1: New USB device strings: Mfr=0, Product=0, SerialNumber=0
[ 1.446286] hub 2-1:1.0: USB hub found
[ 1.446392] hub 2-1:1.0: 8 ports detected
[ 1.521480] usb 1-1.1: new high-speed USB device number 3 using ehci-pci
[ 1.529374] ata1: SATA link up 6.0 Gbps (SStatus 133 SControl 300)
[ 1.530610] ata1.00: ACPI cmd f5/00:00:00:00:00:a0 (SECURITY FREEZE LOCK) filtered out
[ 1.530706] ata1.00: ACPI cmd ef/10:06:00:00:00:a0 (SET FEATURES) succeeded
[ 1.530714] ata1.00: ACPI cmd ef/10:03:00:00:00:a0 (SET FEATURES) filtered out
[ 1.531073] ata1.00: ATA-9: SAMSUNG SSD 830 Series, CXM03B1Q, max UDMA/133
[ 1.531084] ata1.00: 500118192 sectors, multi 16: LBA48 NCQ (depth 31/32), AA
[ 1.532078] ata1.00: ACPI cmd f5/00:00:00:00:00:a0 (SECURITY FREEZE LOCK) filtered out
[ 1.532166] ata1.00: ACPI cmd ef/10:06:00:00:00:a0 (SET FEATURES) succeeded
[ 1.532174] ata1.00: ACPI cmd ef/10:03:00:00:00:a0 (SET FEATURES) filtered out
[ 1.532588] ata1.00: configured for UDMA/133
[ 1.532958] scsi 0:0:0:0: Direct-Access ATA SAMSUNG SSD 830 CXM0 PQ: 0 ANSI: 5
[ 1.533326] sd 0:0:0:0: [sda] 500118192 512-byte logical blocks: (256 GB/238 GiB)
[ 1.533408] sd 0:0:0:0: Attached scsi generic sg0 type 0
[ 1.533427] sd 0:0:0:0: [sda] Write Protect is off
[ 1.533431] sd 0:0:0:0: [sda] Mode Sense: 00 3a 00 00
[ 1.533451] sd 0:0:0:0: [sda] Write cache: enabled, read cache: enabled, doesn\'t support DPO or FUA
[ 1.533825] sda: sda1 sda2
[ 1.534104] sd 0:0:0:0: [sda] Attached SCSI disk
[ 1.697267] tsc: Refined TSC clocksource calibration: 2294.786 MHz
[ 1.697280] Switching to clocksource tsc
[ 1.752552] usb 1-1.1: New USB device found, idVendor=04f2, idProduct=b2fc
[ 1.752563] usb 1-1.1: New USB device strings: Mfr=1, Product=2, SerialNumber=0
[ 1.752569] usb 1-1.1: Product: FJ Camera
[ 1.752574] usb 1-1.1: Manufacturer: Sunplus IT Co
[ 1.853200] ata2: SATA link up 3.0 Gbps (SStatus 123 SControl 300)
[ 1.856141] ata2.00: ACPI cmd f5/00:00:00:00:00:a0 (SECURITY FREEZE LOCK) filtered out
[ 1.856344] ata2.00: ACPI cmd ef/10:06:00:00:00:a0 (SET FEATURES) succeeded
[ 1.856356] ata2.00: ACPI cmd ef/10:03:00:00:00:a0 (SET FEATURES) filtered out
[ 1.858936] ata2.00: ATA-8: WDC WD5000BPVT-16HXZT3, 03.01A03, max UDMA/133
[ 1.858947] ata2.00: 976773168 sectors, multi 16: LBA48 NCQ (depth 31/32), AA
[ 1.862070] ata2.00: ACPI cmd f5/00:00:00:00:00:a0 (SECURITY FREEZE LOCK) filtered out
[ 1.862271] ata2.00: ACPI cmd ef/10:06:00:00:00:a0 (SET FEATURES) succeeded
[ 1.862283] ata2.00: ACPI cmd ef/10:03:00:00:00:a0 (SET FEATURES) filtered out
[ 1.864855] ata2.00: configured for UDMA/133
[ 1.865295] scsi 1:0:0:0: Direct-Access ATA WDC WD5000BPVT-1 03.0 PQ: 0 ANSI: 5
[ 1.865686] sd 1:0:0:0: [sdb] 976773168 512-byte logical blocks: (500 GB/465 GiB)
[ 1.865691] sd 1:0:0:0: [sdb] 4096-byte physical blocks
[ 1.865735] sd 1:0:0:0: Attached scsi generic sg1 type 0
[ 1.865743] sd 1:0:0:0: [sdb] Write Protect is off
[ 1.865747] sd 1:0:0:0: [sdb] Mode Sense: 00 3a 00 00
[ 1.865770] sd 1:0:0:0: [sdb] Write cache: enabled, read cache: enabled, doesn\'t support DPO or FUA
[ 1.918856] sdb: sdb1 sdb2
[ 1.919745] sd 1:0:0:0: [sdb] Attached SCSI disk
[ 2.041190] usb 1-1.3: new high-speed USB device number 4 using ehci-pci
[ 2.145858] usb 1-1.3: New USB device found, idVendor=0bda, idProduct=0138
[ 2.145869] usb 1-1.3: New USB device strings: Mfr=1, Product=2, SerialNumber=3
[ 2.145875] usb 1-1.3: Product: USB2.0-CRW
[ 2.145880] usb 1-1.3: Manufacturer: Generic
[ 2.145885] usb 1-1.3: SerialNumber: 20090516388200000
[ 2.155045] usbcore: registered new interface driver usb-storage
[ 2.160399] ums-realtek 1-1.3:1.0: USB Mass Storage device detected
[ 2.179503] scsi6 : usb-storage 1-1.3:1.0
[ 2.179717] usbcore: registered new interface driver ums-realtek
[ 2.185016] ata3: SATA link up 1.5 Gbps (SStatus 113 SControl 300)
[ 2.188016] ata3.00: ACPI cmd ef/10:06:00:00:00:a0 (SET FEATURES) succeeded
[ 2.188028] ata3.00: ACPI cmd ef/10:03:00:00:00:a0 (SET FEATURES) filtered out
[ 2.188463] ata3.00: ACPI cmd ef/90:05:00:00:00:a0 (SET FEATURES) succeeded
[ 2.190290] ata3.00: ATAPI: Optiarc DVD RW AD-7760H, 1.50, max UDMA/100
[ 2.193500] ata3.00: ACPI cmd ef/10:06:00:00:00:a0 (SET FEATURES) succeeded
[ 2.193511] ata3.00: ACPI cmd ef/10:03:00:00:00:a0 (SET FEATURES) filtered out
[ 2.193843] ata3.00: ACPI cmd ef/90:05:00:00:00:a0 (SET FEATURES) succeeded
[ 2.195559] ata3.00: configured for UDMA/100
[ 2.196840] scsi 2:0:0:0: CD-ROM Optiarc DVD RW AD-7760H 1.50 PQ: 0 ANSI: 5
[ 2.199163] sr0: scsi3-mmc drive: 24x/24x writer dvd-ram cd/rw xa/form2 cdda tray
[ 2.199172] cdrom: Uniform CD-ROM driver Revision: 3.20
[ 2.199476] sr 2:0:0:0: Attached scsi CD-ROM sr0
[ 2.199712] sr 2:0:0:0: Attached scsi generic sg2 type 5
[ 2.221101] usb 1-1.5: new full-speed USB device number 5 using ehci-pci
[ 2.317635] usb 1-1.5: New USB device found, idVendor=0489, idProduct=e052
[ 2.317646] usb 1-1.5: New USB device strings: Mfr=1, Product=2, SerialNumber=3
[ 2.317653] usb 1-1.5: Product: BCM20702A0
[ 2.317658] usb 1-1.5: Manufacturer: Broadcom Corp
[ 2.317663] usb 1-1.5: SerialNumber: C01885A4E35A
[ 2.318768] usb 1-1.3: USB disconnect, device number 4
[ 2.516851] ata5: SATA link down (SStatus 0 SControl 300)
[ 2.516939] usb 2-1.2: new high-speed USB device number 3 using ehci-pci
[ 2.609462] usb 2-1.2: New USB device found, idVendor=0424, idProduct=2514
[ 2.609473] usb 2-1.2: New USB device strings: Mfr=0, Product=0, SerialNumber=0
[ 2.609937] hub 2-1.2:1.0: USB hub found
[ 2.610134] hub 2-1.2:1.0: 3 ports detected
[ 2.680892] usb 2-1.4: new high-speed USB device number 4 using ehci-pci
[ 2.774031] usb 2-1.4: New USB device found, idVendor=1058, idProduct=1042
[ 2.774042] usb 2-1.4: New USB device strings: Mfr=1, Product=2, SerialNumber=5
[ 2.774048] usb 2-1.4: Product: Elements 1042
[ 2.774053] usb 2-1.4: Manufacturer: Western Digital
[ 2.774058] usb 2-1.4: SerialNumber: 575839314543314343444E36
[ 2.774736] usb-storage 2-1.4:1.0: USB Mass Storage device detected
[ 2.774886] scsi7 : usb-storage 2-1.4:1.0
[ 2.880798] usb 2-1.2.1: new full-speed USB device number 5 using ehci-pci
[ 2.893097] EXT4-fs (sda1): INFO: recovery required on readonly filesystem
[ 2.893102] EXT4-fs (sda1): write access will be enabled during recovery
[ 2.975928] usb 2-1.2.1: New USB device found, idVendor=046d, idProduct=c246
[ 2.975939] usb 2-1.2.1: New USB device strings: Mfr=1, Product=2, SerialNumber=0
[ 2.975945] usb 2-1.2.1: Product: Gaming Mouse G300
[ 2.975951] usb 2-1.2.1: Manufacturer: Logitech
[ 2.993719] hidraw: raw HID events driver (C) Jiri Kosina
[ 3.004639] usbcore: registered new interface driver usbhid
[ 3.004641] usbhid: USB HID core driver
[ 3.011257] input: Logitech Gaming Mouse G300 as /devices/pci0000:00/0000:00:1d.0/usb2/2-1/2-1.2/2-1.2.1/2-1.2.1:1.0/input/input3
[ 3.011369] hid-generic 0003:046D:C246.0001: input,hidraw0: USB HID v1.10 Mouse [Logitech Gaming Mouse G300] on usb-0000:00:1d.0-1.2.1/input0
[ 3.013708] input: Logitech Gaming Mouse G300 as /devices/pci0000:00/0000:00:1d.0/usb2/2-1/2-1.2/2-1.2.1/2-1.2.1:1.1/input/input4
[ 3.014246] hid-generic 0003:046D:C246.0002: input,hiddev0,hidraw1: USB HID v1.10 Keyboard [Logitech Gaming Mouse G300] on usb-0000:00:1d.0-1.2.1/input1
[ 3.048828] usb 2-1.2.3: new full-speed USB device number 6 using ehci-pci
[ 3.148215] usb 2-1.2.3: New USB device found, idVendor=060b, idProduct=6231
[ 3.148226] usb 2-1.2.3: New USB device strings: Mfr=0, Product=1, SerialNumber=0
[ 3.148233] usb 2-1.2.3: Product: Tt eSPORTS MEKA mechanical keyboard
[ 3.151482] input: Tt eSPORTS MEKA mechanical keyboard as /devices/pci0000:00/0000:00:1d.0/usb2/2-1/2-1.2/2-1.2.3/2-1.2.3:1.0/input/input5
[ 3.151993] hid-generic 0003:060B:6231.0003: input,hidraw2: USB HID v1.11 Keyboard [Tt eSPORTS MEKA mechanical keyboard] on usb-0000:00:1d.0-1.2.3/input0
[ 3.154883] input: Tt eSPORTS MEKA mechanical keyboard as /devices/pci0000:00/0000:00:1d.0/usb2/2-1/2-1.2/2-1.2.3/2-1.2.3:1.1/input/input6
[ 3.155124] hid-generic 0003:060B:6231.0004: input,hidraw3: USB HID v1.11 Device [Tt eSPORTS MEKA mechanical keyboard] on usb-0000:00:1d.0-1.2.3/input1
[ 3.177458] EXT4-fs (sda1): recovery complete
[ 3.179238] EXT4-fs (sda1): mounted filesystem with ordered data mode. Opts: (null)
[ 3.301907] init: upstart-dbus-bridge main process (180) terminated with status 1
[ 3.301947] init: upstart-dbus-bridge main process ended, respawning
[ 3.479904] Adding 31249404k swap on /dev/sdb1. Priority:-1 extents:1 across:31249404k FS
[ 3.502400] init: upstart-file-bridge main process (210) killed by ABRT signal
[ 3.502434] init: upstart-file-bridge main process ended, respawning
[ 3.518779] IPv6: ADDRCONF(NETDEV_UP): eth0: link is not ready
[ 3.623877] EXT4-fs (sda1): re-mounted. Opts: errors=remount-ro
[ 3.637402] systemd-udevd[368]: starting version 204
[ 3.671198] lp: driver loaded but no devices found
[ 3.692006] input: Fujitsu FUJ02B1 as /devices/LNXSYSTM:00/device:00/PNP0A08:00/device:09/FUJ02B1:00/input/input7
[ 3.692110] fujitsu_laptop: ACPI: Fujitsu FUJ02B1 [FJEX] (on)
[ 3.693680] input: Fujitsu FUJ02E3 as /devices/LNXSYSTM:00/device:00/FUJ02E3:00/input/input8
[ 3.693774] fujitsu_laptop: ACPI: Fujitsu FUJ02E3 [FEXT] (on)
[ 3.694140] fujitsu_laptop: BTNI: [0x80001]
[ 3.694493] fujitsu_laptop: driver 0.6.0 successfully loaded
[ 3.708842] wmi: Mapper loaded
[ 3.811199] scsi 7:0:0:0: Direct-Access WD Elements 1042 1007 PQ: 0 ANSI: 6
[ 3.811928] sd 7:0:0:0: Attached scsi generic sg3 type 0
[ 3.812614] [drm] Initialized drm 1.1.0 20060810
[ 3.812666] sd 7:0:0:0: [sdc] 1953519616 512-byte logical blocks: (1.00 TB/931 GiB)
[ 3.840993] type=1400 audit(1372879798.545:2): apparmor="STATUS" operation="profile_load" parent=461 profile="unconfined" name="/sbin/dhclient" pid=462 comm="apparmor_parser"
[ 3.841003] type=1400 audit(1372879798.545:3): apparmor="STATUS" operation="profile_load" parent=461 profile="unconfined" name="/usr/lib/NetworkManager/nm-dhcp-client.action" pid=462 comm="apparmor_parser"
[ 3.841010] type=1400 audit(1372879798.545:4): apparmor="STATUS" operation="profile_load" parent=461 profile="unconfined" name="/usr/lib/connman/scripts/dhclient-script" pid=462 comm="apparmor_parser"
[ 3.841605] type=1400 audit(1372879798.545:5): apparmor="STATUS" operation="profile_replace" parent=461 profile="unconfined" name="/usr/lib/NetworkManager/nm-dhcp-client.action" pid=462 comm="apparmor_parser"
[ 3.841613] type=1400 audit(1372879798.545:6): apparmor="STATUS" operation="profile_replace" parent=461 profile="unconfined" name="/usr/lib/connman/scripts/dhclient-script" pid=462 comm="apparmor_parser"
[ 3.842031] type=1400 audit(1372879798.545:7): apparmor="STATUS" operation="profile_replace" parent=461 profile="unconfined" name="/usr/lib/connman/scripts/dhclient-script" pid=462 comm="apparmor_parser"
[ 3.850154] Bluetooth: Core ver 2.16
[ 3.850267] cfg80211: Calling CRDA to update world regulatory domain
[ 3.850338] ACPI Warning: 0x00000428-0x0000042f SystemIO conflicts with Region \\GPIS 1 (20130328/utaddress-251)
[ 3.850345] ACPI Warning: 0x00000428-0x0000042f SystemIO conflicts with Region \\PMIX 2 (20130328/utaddress-251)
[ 3.850350] ACPI Warning: 0x00000428-0x0000042f SystemIO conflicts with Region \\PMIO 3 (20130328/utaddress-251)
[ 3.850355] ACPI Warning: 0x00000428-0x0000042f SystemIO conflicts with Region \\_SB_.PCI0.VGA_.TCOI 4 (20130328/utaddress-251)
[ 3.850360] ACPI: If an ACPI driver is available for this device, you should use it instead of the native driver
[ 3.850365] ACPI Warning: 0x00000530-0x0000053f SystemIO conflicts with Region \\GPXX 1 (20130328/utaddress-251)
[ 3.850369] ACPI Warning: 0x00000530-0x0000053f SystemIO conflicts with Region \\GPIO 2 (20130328/utaddress-251)
[ 3.850374] ACPI Warning: 0x00000530-0x0000053f SystemIO conflicts with Region \\_SB_.PCI0.RP00.VGA_.GPIO 3 (20130328/utaddress-251)
[ 3.850379] ACPI: If an ACPI driver is available for this device, you should use it instead of the native driver
[ 3.850381] ACPI Warning: 0x00000500-0x0000052f SystemIO conflicts with Region \\GPXX 1 (20130328/utaddress-251)
[ 3.850386] ACPI Warning: 0x00000500-0x0000052f SystemIO conflicts with Region \\GPIO 2 (20130328/utaddress-251)
[ 3.850390] ACPI Warning: 0x00000500-0x0000052f SystemIO conflicts with Region \\_SB_.PCI0.RP00.VGA_.GPIO 3 (20130328/utaddress-251)
[ 3.850395] ACPI: If an ACPI driver is available for this device, you should use it instead of the native driver
[ 3.850397] lpc_ich: Resource conflict(s) found affecting gpio_ich
[ 3.850431] NET: Registered protocol family 31
[ 3.850433] Bluetooth: HCI device and connection manager initialized
[ 3.850440] Bluetooth: HCI socket layer initialized
[ 3.850859] Bluetooth: L2CAP socket layer initialized
[ 3.850868] Bluetooth: SCO socket layer initialized
[ 3.878544] usbcore: registered new interface driver btusb
[ 3.878857] Intel(R) Wireless WiFi driver for Linux, in-tree:
[ 3.878860] Copyright(c) 2003-2013 Intel Corporation
[ 3.879017] iwlwifi 0000:03:00.0: irq 48 for MSI/MSI-X
[ 3.885614] iwlwifi 0000:03:00.0: loaded firmware version 18.168.6.1 op_mode iwldvm
[ 3.885907] Linux video capture interface: v2.00
[ 3.886960] [drm] Memory usable by graphics device = 2048M
[ 3.886966] i915 0000:00:02.0: setting latency timer to 64
[ 3.887187] i915 0000:00:02.0: irq 49 for MSI/MSI-X
[ 3.887196] [drm] Supports vblank timestamp caching Rev 1 (10.10.2010).
[ 3.887197] [drm] Driver supports precise vblank timestamp query.
[ 3.887360] vgaarb: device changed decodes: PCI:0000:00:02.0,olddecodes=io+mem,decodes=none:owns=io+mem
[ 3.887362] vgaarb: transferring owner from PCI:0000:00:02.0 to PCI:0000:01:00.0
[ 3.911231] [drm] Wrong MCH_SSKPD value: 0x16040307
[ 3.911235] [drm] This can cause pipe underruns and display issues.
[ 3.911237] [drm] Please upgrade your BIOS to fix this.
[ 3.912183] usb 2-1.4: reset high-speed USB device number 4 using ehci-pci
[ 3.928254] fbcon: inteldrmfb (fb0) is primary device
[ 3.941222] microcode: CPU0 sig=0x206a7, pf=0x10, revision=0x26
[ 3.951259] uvcvideo: Found UVC 1.00 device FJ Camera (04f2:b2fc)
[ 3.958334] iwlwifi 0000:03:00.0: CONFIG_IWLWIFI_DEBUG disabled
[ 3.958337] iwlwifi 0000:03:00.0: CONFIG_IWLWIFI_DEBUGFS enabled
[ 3.958339] iwlwifi 0000:03:00.0: CONFIG_IWLWIFI_DEVICE_TRACING enabled
[ 3.958342] iwlwifi 0000:03:00.0: CONFIG_IWLWIFI_DEVICE_TESTMODE enabled
[ 3.958344] iwlwifi 0000:03:00.0: CONFIG_IWLWIFI_P2P disabled
[ 3.958347] iwlwifi 0000:03:00.0: Detected Intel(R) Centrino(R) Advanced-N 6205 AGN, REV=0xB0
[ 3.958379] iwlwifi 0000:03:00.0: L1 Disabled; Enabling L0S
[ 3.964892] iwlwifi 0000:03:00.0: RF_KILL bit toggled to enable radio.
[ 3.974505] input: FJ Camera as /devices/pci0000:00/0000:00:1a.0/usb1/1-1/1-1.1/1-1.1:1.0/input/input9
[ 3.974810] usbcore: registered new interface driver uvcvideo
[ 3.974812] USB Video Class driver (1.1.1)
[ 4.004126] ieee80211 phy0: Selected rate control algorithm \'iwl-agn-rs\'
[ 4.033180] sd 7:0:0:0: [sdc] Write Protect is off
[ 4.033188] sd 7:0:0:0: [sdc] Mode Sense: 47 00 10 08
[ 4.034275] sd 7:0:0:0: [sdc] No Caching mode page present
[ 4.034279] sd 7:0:0:0: [sdc] Assuming drive cache: write through
[ 4.041063] sd 7:0:0:0: [sdc] No Caching mode page present
[ 4.041068] sd 7:0:0:0: [sdc] Assuming drive cache: write through
[ 4.079562] cfg80211: World regulatory domain updated:
[ 4.079563] cfg80211: (start_freq - end_freq @ bandwidth), (max_antenna_gain, max_eirp)
[ 4.079565] cfg80211: (2402000 KHz - 2472000 KHz @ 40000 KHz), (300 mBi, 2000 mBm)
[ 4.079566] cfg80211: (2457000 KHz - 2482000 KHz @ 40000 KHz), (300 mBi, 2000 mBm)
[ 4.079567] cfg80211: (2474000 KHz - 2494000 KHz @ 20000 KHz), (300 mBi, 2000 mBm)
[ 4.079568] cfg80211: (5170000 KHz - 5250000 KHz @ 40000 KHz), (300 mBi, 2000 mBm)
[ 4.079570] cfg80211: (5735000 KHz - 5835000 KHz @ 40000 KHz), (300 mBi, 2000 mBm)
[ 4.081376] microcode: CPU1 sig=0x206a7, pf=0x10, revision=0x26
[ 4.086429] microcode: CPU2 sig=0x206a7, pf=0x10, revision=0x26
[ 4.089118] microcode: CPU3 sig=0x206a7, pf=0x10, revision=0x26
[ 4.090433] microcode: Microcode Update Driver: v2.00 <tigran@aivazian.fsnet.co.uk>, Peter Oruba
[ 4.716416] psmouse serio2: synaptics: Touchpad model: 1, fw: 7.5, id: 0x1e0b1, caps: 0xd00073/0x240000/0xa0400, board id: 1678, fw id: 706628
[ 4.752358] input: SynPS/2 Synaptics TouchPad as /devices/platform/i8042/serio2/input/input10
[ 4.887649] Console: switching to colour frame buffer device 128x48
[ 4.896065] i915 0000:00:02.0: fb0: inteldrmfb frame buffer device
[ 4.896068] i915 0000:00:02.0: registered panic notifier
[ 4.905326] acpi device:04: registered as cooling_device5
[ 4.905622] ACPI: Video Device [VGA] (multi-head: yes rom: yes post: no)
[ 4.905805] input: Video Bus as /devices/LNXSYSTM:00/device:00/PNP0A08:00/device:03/LNXVIDEO:00/input/input11
[ 4.914863] acpi device:41: registered as cooling_device6
[ 4.914976] ACPI: Video Device [VGA1] (multi-head: yes rom: no post: no)
[ 4.915317] input: Video Bus as /devices/LNXSYSTM:00/device:00/PNP0A08:00/LNXVIDEO:01/input/input12
[ 4.915894] [drm] Initialized i915 1.6.0 20080730 for 0000:00:02.0 on minor 0
[ 4.916189] snd_hda_intel 0000:00:1b.0: irq 50 for MSI/MSI-X
[ 4.939801] hda_codec: ALC269VC: SKU not ready 0x909701f0
[ 4.940026] autoconfig: line_outs=1 (0x14/0x0/0x0/0x0/0x0) type:speaker
[ 4.940030] speaker_outs=0 (0x0/0x0/0x0/0x0/0x0)
[ 4.940033] hp_outs=1 (0x15/0x0/0x0/0x0/0x0)
[ 4.940035] mono: mono_out=0x0
[ 4.940037] dig-out=0x1e/0x0
[ 4.940039] inputs:
[ 4.940042] Mic=0x18
[ 4.940045] Internal Mic=0x12
[ 4.940048] realtek: No valid SSID, checking pincfg 0x909701f0 for NID 0x1d
[ 4.940050] realtek: Enable default setup for auto mode as fallback
[ 4.957373] input: HDA Intel PCH HDMI/DP,pcm=3 as /devices/pci0000:00/0000:00:1b.0/sound/card0/input13
[ 4.957669] input: HDA Intel PCH Headphone as /devices/pci0000:00/0000:00:1b.0/sound/card0/input14
[ 4.957901] input: HDA Intel PCH Mic as /devices/pci0000:00/0000:00:1b.0/sound/card0/input15
[ 5.046666] iwlwifi 0000:03:00.0: L1 Disabled; Enabling L0S
[ 5.053251] iwlwifi 0000:03:00.0: Radio type=0x1-0x2-0x0
[ 5.431152] iwlwifi 0000:03:00.0: L1 Disabled; Enabling L0S
[ 5.437697] iwlwifi 0000:03:00.0: Radio type=0x1-0x2-0x0
[ 5.637052] IPv6: ADDRCONF(NETDEV_UP): wlan0: link is not ready
[ 5.815295] [drm] Enabling RC6 states: RC6 on, RC6p off, RC6pp off
[ 7.320467] sdc: sdc1
[ 7.324183] sd 7:0:0:0: [sdc] No Caching mode page present
[ 7.324298] sd 7:0:0:0: [sdc] Assuming drive cache: write through
[ 7.324404] sd 7:0:0:0: [sdc] Attached SCSI disk
[ 8.937268] wlan0: authenticate with 00:1c:f0:71:d6:1a
[ 8.943075] wlan0: send auth to 00:1c:f0:71:d6:1a (try 1/3)
[ 8.945556] wlan0: authenticated
[ 8.949495] wlan0: associate with 00:1c:f0:71:d6:1a (try 1/3)
[ 8.953848] wlan0: RX AssocResp from 00:1c:f0:71:d6:1a (capab=0x431 status=0 aid=3)
[ 8.974472] wlan0: associated
[ 8.974540] IPv6: ADDRCONF(NETDEV_CHANGE): wlan0: link becomes ready
[ 13.884029] EXT4-fs (sdb2): mounted filesystem with ordered data mode. Opts: (null)
[ 13.973556] init: failsafe main process (842) killed by TERM signal
[ 14.067757] Bluetooth: BNEP (Ethernet Emulation) ver 1.3
[ 14.067767] Bluetooth: BNEP filters: protocol multicast
[ 14.067783] Bluetooth: BNEP socket layer initialized
[ 14.074934] Bluetooth: RFCOMM TTY layer initialized
[ 14.074964] Bluetooth: RFCOMM socket layer initialized
[ 14.074971] Bluetooth: RFCOMM ver 1.11
[ 14.149590] type=1400 audit(1372879808.857:8): apparmor="STATUS" operation="profile_load" parent=953 profile="unconfined" name="/usr/sbin/tcpdump" pid=961 comm="apparmor_parser"
[ 14.150116] type=1400 audit(1372879808.857:9): apparmor="STATUS" operation="profile_replace" parent=953 profile="unconfined" name="/sbin/dhclient" pid=958 comm="apparmor_parser"
[ 14.150127] type=1400 audit(1372879808.857:10): apparmor="STATUS" operation="profile_replace" parent=953 profile="unconfined" name="/usr/lib/NetworkManager/nm-dhcp-client.action" pid=958 comm="apparmor_parser"
[ 14.150135] type=1400 audit(1372879808.857:11): apparmor="STATUS" operation="profile_replace" parent=953 profile="unconfined" name="/usr/lib/connman/scripts/dhclient-script" pid=958 comm="apparmor_parser"
[ 14.152099] type=1400 audit(1372879808.861:12): apparmor="STATUS" operation="profile_replace" parent=953 profile="unconfined" name="/usr/lib/NetworkManager/nm-dhcp-client.action" pid=958 comm="apparmor_parser"
[ 14.152109] type=1400 audit(1372879808.861:13): apparmor="STATUS" operation="profile_replace" parent=953 profile="unconfined" name="/usr/lib/connman/scripts/dhclient-script" pid=958 comm="apparmor_parser"
[ 14.152435] type=1400 audit(1372879808.861:14): apparmor="STATUS" operation="profile_replace" parent=953 profile="unconfined" name="/usr/lib/connman/scripts/dhclient-script" pid=958 comm="apparmor_parser"
[ 14.153305] init: avahi-cups-reload main process (942) terminated with status 1
[ 14.281027] init: nvidia-persistenced main process (1074) terminated with status 1
[ 52.483621] init: tty1 main process (1222) killed by INT signal
[ 52.483689] init: tty1 main process ended, respawning
[ 568.089000] nvidia: module license \'NVIDIA\' taints kernel.
[ 568.089004] Disabling lock debugging due to kernel taint
[ 568.098391] nvidia 0000:01:00.0: enabling device (0006 -> 0007)
[ 568.098486] vgaarb: device changed decodes: PCI:0000:01:00.0,olddecodes=io+mem,decodes=none:owns=none
[ 568.098619] NVRM: loading NVIDIA UNIX x86 Kernel Module 304.88 Wed Mar 27 14:31:12 PDT 2013', '', datetime.datetime(2013, 7, 3, 19, 50, 32))
